Archive member included to satisfy reference by file (symbol)

c:/stm32/stm32cubeide_1.8.0/stm32cubeide/plugins/com.st.stm32cube.ide.mcu.externaltools.gnu-tools-for-stm32.9-2020-q2-update.win32_2.0.0.202105311346/tools/bin/../lib/gcc/arm-none-eabi/9.3.1/../../../../arm-none-eabi/lib/thumb/v7e-m+fp/hard\libc_nano.a(lib_a-errno.o)
                              ./Core/Src/syscalls.o (__errno)
c:/stm32/stm32cubeide_1.8.0/stm32cubeide/plugins/com.st.stm32cube.ide.mcu.externaltools.gnu-tools-for-stm32.9-2020-q2-update.win32_2.0.0.202105311346/tools/bin/../lib/gcc/arm-none-eabi/9.3.1/../../../../arm-none-eabi/lib/thumb/v7e-m+fp/hard\libc_nano.a(lib_a-exit.o)
                              c:/stm32/stm32cubeide_1.8.0/stm32cubeide/plugins/com.st.stm32cube.ide.mcu.externaltools.gnu-tools-for-stm32.9-2020-q2-update.win32_2.0.0.202105311346/tools/bin/../lib/gcc/arm-none-eabi/9.3.1/../../../../arm-none-eabi/lib/thumb/v7e-m+fp/hard/crt0.o (exit)
c:/stm32/stm32cubeide_1.8.0/stm32cubeide/plugins/com.st.stm32cube.ide.mcu.externaltools.gnu-tools-for-stm32.9-2020-q2-update.win32_2.0.0.202105311346/tools/bin/../lib/gcc/arm-none-eabi/9.3.1/../../../../arm-none-eabi/lib/thumb/v7e-m+fp/hard\libc_nano.a(lib_a-impure.o)
                              c:/stm32/stm32cubeide_1.8.0/stm32cubeide/plugins/com.st.stm32cube.ide.mcu.externaltools.gnu-tools-for-stm32.9-2020-q2-update.win32_2.0.0.202105311346/tools/bin/../lib/gcc/arm-none-eabi/9.3.1/../../../../arm-none-eabi/lib/thumb/v7e-m+fp/hard\libc_nano.a(lib_a-exit.o) (_global_impure_ptr)
c:/stm32/stm32cubeide_1.8.0/stm32cubeide/plugins/com.st.stm32cube.ide.mcu.externaltools.gnu-tools-for-stm32.9-2020-q2-update.win32_2.0.0.202105311346/tools/bin/../lib/gcc/arm-none-eabi/9.3.1/../../../../arm-none-eabi/lib/thumb/v7e-m+fp/hard\libc_nano.a(lib_a-init.o)
                              c:/stm32/stm32cubeide_1.8.0/stm32cubeide/plugins/com.st.stm32cube.ide.mcu.externaltools.gnu-tools-for-stm32.9-2020-q2-update.win32_2.0.0.202105311346/tools/bin/../lib/gcc/arm-none-eabi/9.3.1/../../../../arm-none-eabi/lib/thumb/v7e-m+fp/hard/crt0.o (__libc_init_array)
c:/stm32/stm32cubeide_1.8.0/stm32cubeide/plugins/com.st.stm32cube.ide.mcu.externaltools.gnu-tools-for-stm32.9-2020-q2-update.win32_2.0.0.202105311346/tools/bin/../lib/gcc/arm-none-eabi/9.3.1/../../../../arm-none-eabi/lib/thumb/v7e-m+fp/hard\libc_nano.a(lib_a-memset.o)
                              c:/stm32/stm32cubeide_1.8.0/stm32cubeide/plugins/com.st.stm32cube.ide.mcu.externaltools.gnu-tools-for-stm32.9-2020-q2-update.win32_2.0.0.202105311346/tools/bin/../lib/gcc/arm-none-eabi/9.3.1/../../../../arm-none-eabi/lib/thumb/v7e-m+fp/hard/crt0.o (memset)
c:/stm32/stm32cubeide_1.8.0/stm32cubeide/plugins/com.st.stm32cube.ide.mcu.externaltools.gnu-tools-for-stm32.9-2020-q2-update.win32_2.0.0.202105311346/tools/bin/../lib/gcc/arm-none-eabi/9.3.1/../../../../arm-none-eabi/lib/thumb/v7e-m+fp/hard\libc_nano.a(lib_a-sprintf.o)
                              ./Core/Src/fileBrowser.o (sprintf)
c:/stm32/stm32cubeide_1.8.0/stm32cubeide/plugins/com.st.stm32cube.ide.mcu.externaltools.gnu-tools-for-stm32.9-2020-q2-update.win32_2.0.0.202105311346/tools/bin/../lib/gcc/arm-none-eabi/9.3.1/../../../../arm-none-eabi/lib/thumb/v7e-m+fp/hard\libc_nano.a(lib_a-strcat.o)
                              ./Core/Src/fileBrowser.o (strcat)
c:/stm32/stm32cubeide_1.8.0/stm32cubeide/plugins/com.st.stm32cube.ide.mcu.externaltools.gnu-tools-for-stm32.9-2020-q2-update.win32_2.0.0.202105311346/tools/bin/../lib/gcc/arm-none-eabi/9.3.1/../../../../arm-none-eabi/lib/thumb/v7e-m+fp/hard\libc_nano.a(lib_a-strcpy.o)
                              ./Core/Src/fileBrowser.o (strcpy)
c:/stm32/stm32cubeide_1.8.0/stm32cubeide/plugins/com.st.stm32cube.ide.mcu.externaltools.gnu-tools-for-stm32.9-2020-q2-update.win32_2.0.0.202105311346/tools/bin/../lib/gcc/arm-none-eabi/9.3.1/../../../../arm-none-eabi/lib/thumb/v7e-m+fp/hard\libc_nano.a(lib_a-strlen.o)
                              ./Core/Src/fileBrowser.o (strlen)
c:/stm32/stm32cubeide_1.8.0/stm32cubeide/plugins/com.st.stm32cube.ide.mcu.externaltools.gnu-tools-for-stm32.9-2020-q2-update.win32_2.0.0.202105311346/tools/bin/../lib/gcc/arm-none-eabi/9.3.1/../../../../arm-none-eabi/lib/thumb/v7e-m+fp/hard\libc_nano.a(lib_a-strncpy.o)
                              ./Core/Src/sdCard.o (strncpy)
c:/stm32/stm32cubeide_1.8.0/stm32cubeide/plugins/com.st.stm32cube.ide.mcu.externaltools.gnu-tools-for-stm32.9-2020-q2-update.win32_2.0.0.202105311346/tools/bin/../lib/gcc/arm-none-eabi/9.3.1/../../../../arm-none-eabi/lib/thumb/v7e-m+fp/hard\libc_nano.a(lib_a-strstr.o)
                              ./Core/Src/sdCard.o (strstr)
c:/stm32/stm32cubeide_1.8.0/stm32cubeide/plugins/com.st.stm32cube.ide.mcu.externaltools.gnu-tools-for-stm32.9-2020-q2-update.win32_2.0.0.202105311346/tools/bin/../lib/gcc/arm-none-eabi/9.3.1/../../../../arm-none-eabi/lib/thumb/v7e-m+fp/hard\libc_nano.a(lib_a-strtok.o)
                              ./Core/Src/fileBrowser.o (strtok)
[...]
Memory Configuration

Name             Origin             Length             Attributes
RAM              0x0000000020000000 0x0000000000010000 xrw
FLASH            0x0000000008000000 0x0000000000040000 xr
*default*        0x0000000000000000 0xffffffffffffffff

Linker script and memory map

LOAD c:/stm32/stm32cubeide_1.8.0/stm32cubeide/plugins/com.st.stm32cube.ide.mcu.externaltools.gnu-tools-for-stm32.9-2020-q2-update.win32_2.0.0.202105311346/tools/bin/../lib/gcc/arm-none-eabi/9.3.1/thumb/v7e-m+fp/hard/crti.o
LOAD c:/stm32/stm32cubeide_1.8.0/stm32cubeide/plugins/com.st.stm32cube.ide.mcu.externaltools.gnu-tools-for-stm32.9-2020-q2-update.win32_2.0.0.202105311346/tools/bin/../lib/gcc/arm-none-eabi/9.3.1/thumb/v7e-m+fp/hard/crtbegin.o
LOAD c:/stm32/stm32cubeide_1.8.0/stm32cubeide/plugins/com.st.stm32cube.ide.mcu.externaltools.gnu-tools-for-stm32.9-2020-q2-update.win32_2.0.0.202105311346/tools/bin/../lib/gcc/arm-none-eabi/9.3.1/../../../../arm-none-eabi/lib/thumb/v7e-m+fp/hard/crt0.o
LOAD ./Core/Src/dma.o
LOAD ./Core/Src/fileBrowser.o
LOAD ./Core/Src/gpio.o
LOAD ./Core/Src/main.o
LOAD ./Core/Src/osd.o
LOAD ./Core/Src/passiveSerial.o
LOAD ./Core/Src/readKey.o
LOAD ./Core/Src/sdCard.o
LOAD ./Core/Src/spi.o
LOAD ./Core/Src/stm32f4xx_hal_msp.o
LOAD ./Core/Src/stm32f4xx_it.o
LOAD ./Core/Src/syscalls.o
LOAD ./Core/Src/sysmem.o
LOAD ./Core/Src/system_stm32f4xx.o
LOAD ./Core/Src/usart.o
LOAD ./Core/Startup/startup_stm32f401ccux.o
LOAD ./Drivers/STM32F4xx_HAL_Driver/Src/stm32f4xx_hal.o
LOAD ./Drivers/STM32F4xx_HAL_Driver/Src/stm32f4xx_hal_cortex.o
LOAD ./Drivers/STM32F4xx_HAL_Driver/Src/stm32f4xx_hal_dma.o
LOAD ./Drivers/STM32F4xx_HAL_Driver/Src/stm32f4xx_hal_dma_ex.o
LOAD ./Drivers/STM32F4xx_HAL_Driver/Src/stm32f4xx_hal_exti.o
LOAD ./Drivers/STM32F4xx_HAL_Driver/Src/stm32f4xx_hal_flash.o
LOAD ./Drivers/STM32F4xx_HAL_Driver/Src/stm32f4xx_hal_flash_ex.o
LOAD ./Drivers/STM32F4xx_HAL_Driver/Src/stm32f4xx_hal_flash_ramfunc.o
LOAD ./Drivers/STM32F4xx_HAL_Driver/Src/stm32f4xx_hal_gpio.o
LOAD ./Drivers/STM32F4xx_HAL_Driver/Src/stm32f4xx_hal_pwr.o
LOAD ./Drivers/STM32F4xx_HAL_Driver/Src/stm32f4xx_hal_pwr_ex.o
LOAD ./Drivers/STM32F4xx_HAL_Driver/Src/stm32f4xx_hal_rcc.o
LOAD ./Drivers/STM32F4xx_HAL_Driver/Src/stm32f4xx_hal_rcc_ex.o
LOAD ./Drivers/STM32F4xx_HAL_Driver/Src/stm32f4xx_hal_spi.o
LOAD ./Drivers/STM32F4xx_HAL_Driver/Src/stm32f4xx_hal_tim.o
LOAD ./Drivers/STM32F4xx_HAL_Driver/Src/stm32f4xx_hal_tim_ex.o
LOAD ./Drivers/STM32F4xx_HAL_Driver/Src/stm32f4xx_hal_uart.o
LOAD ./FATFS/App/fatfs.o
LOAD ./FATFS/Target/user_diskio.o
LOAD ./FATFS/Target/user_diskio_spi.o
LOAD ./Middlewares/Third_Party/FatFs/src/diskio.o
LOAD ./Middlewares/Third_Party/FatFs/src/ff.o
LOAD ./Middlewares/Third_Party/FatFs/src/ff_gen_drv.o
LOAD ./Middlewares/Third_Party/FatFs/src/option/ccsbcs.o
LOAD ./Middlewares/Third_Party/FatFs/src/option/syscall.o
START GROUP
LOAD c:/stm32/stm32cubeide_1.8.0/stm32cubeide/plugins/com.st.stm32cube.ide.mcu.externaltools.gnu-tools-for-stm32.9-2020-q2-update.win32_2.0.0.202105311346/tools/bin/../lib/gcc/arm-none-eabi/9.3.1/../../../../arm-none-eabi/lib/thumb/v7e-m+fp/hard\libc_nano.a
LOAD c:/stm32/stm32cubeide_1.8.0/stm32cubeide/plugins/com.st.stm32cube.ide.mcu.externaltools.gnu-tools-for-stm32.9-2020-q2-update.win32_2.0.0.202105311346/tools/bin/../lib/gcc/arm-none-eabi/9.3.1/../../../../arm-none-eabi/lib/thumb/v7e-m+fp/hard\libm.a
END GROUP
START GROUP
LOAD c:/stm32/stm32cubeide_1.8.0/stm32cubeide/plugins/com.st.stm32cube.ide.mcu.externaltools.gnu-tools-for-stm32.9-2020-q2-update.win32_2.0.0.202105311346/tools/bin/../lib/gcc/arm-none-eabi/9.3.1/thumb/v7e-m+fp/hard\libgcc.a
LOAD c:/stm32/stm32cubeide_1.8.0/stm32cubeide/plugins/com.st.stm32cube.ide.mcu.externaltools.gnu-tools-for-stm32.9-2020-q2-update.win32_2.0.0.202105311346/tools/bin/../lib/gcc/arm-none-eabi/9.3.1/../../../../arm-none-eabi/lib/thumb/v7e-m+fp/hard\libc_nano.a
END GROUP
START GROUP
LOAD c:/stm32/stm32cubeide_1.8.0/stm32cubeide/plugins/com.st.stm32cube.ide.mcu.externaltools.gnu-tools-for-stm32.9-2020-q2-update.win32_2.0.0.202105311346/tools/bin/../lib/gcc/arm-none-eabi/9.3.1/thumb/v7e-m+fp/hard\libgcc.a
LOAD c:/stm32/stm32cubeide_1.8.0/stm32cubeide/plugins/com.st.stm32cube.ide.mcu.externaltools.gnu-tools-for-stm32.9-2020-q2-update.win32_2.0.0.202105311346/tools/bin/../lib/gcc/arm-none-eabi/9.3.1/../../../../arm-none-eabi/lib/thumb/v7e-m+fp/hard\libc_nano.a
LOAD c:/stm32/stm32cubeide_1.8.0/stm32cubeide/plugins/com.st.stm32cube.ide.mcu.externaltools.gnu-tools-for-stm32.9-2020-q2-update.win32_2.0.0.202105311346/tools/bin/../lib/gcc/arm-none-eabi/9.3.1/../../../../arm-none-eabi/lib/thumb/v7e-m+fp/hard\libnosys.a
END GROUP
START GROUP
LOAD c:/stm32/stm32cubeide_1.8.0/stm32cubeide/plugins/com.st.stm32cube.ide.mcu.externaltools.gnu-tools-for-stm32.9-2020-q2-update.win32_2.0.0.202105311346/tools/bin/../lib/gcc/arm-none-eabi/9.3.1/thumb/v7e-m+fp/hard\libgcc.a
LOAD c:/stm32/stm32cubeide_1.8.0/stm32cubeide/plugins/com.st.stm32cube.ide.mcu.externaltools.gnu-tools-for-stm32.9-2020-q2-update.win32_2.0.0.202105311346/tools/bin/../lib/gcc/arm-none-eabi/9.3.1/../../../../arm-none-eabi/lib/thumb/v7e-m+fp/hard\libc_nano.a
LOAD c:/stm32/stm32cubeide_1.8.0/stm32cubeide/plugins/com.st.stm32cube.ide.mcu.externaltools.gnu-tools-for-stm32.9-2020-q2-update.win32_2.0.0.202105311346/tools/bin/../lib/gcc/arm-none-eabi/9.3.1/../../../../arm-none-eabi/lib/thumb/v7e-m+fp/hard\libnosys.a
END GROUP
LOAD c:/stm32/stm32cubeide_1.8.0/stm32cubeide/plugins/com.st.stm32cube.ide.mcu.externaltools.gnu-tools-for-stm32.9-2020-q2-update.win32_2.0.0.202105311346/tools/bin/../lib/gcc/arm-none-eabi/9.3.1/thumb/v7e-m+fp/hard/crtend.o
LOAD c:/stm32/stm32cubeide_1.8.0/stm32cubeide/plugins/com.st.stm32cube.ide.mcu.externaltools.gnu-tools-for-stm32.9-2020-q2-update.win32_2.0.0.202105311346/tools/bin/../lib/gcc/arm-none-eabi/9.3.1/thumb/v7e-m+fp/hard/crtn.o
                0x0000000020010000                _estack = (ORIGIN (RAM) + LENGTH (RAM))
                0x0000000000001000                _Min_Heap_Size = 0x1000
                0x0000000000001000                _Min_Stack_Size = 0x1000

.isr_vector     0x0000000008000000      0x194
                0x0000000008000000                . = ALIGN (0x4)
 *(.isr_vector)
 .isr_vector    0x0000000008000000      0x194 ./Core/Startup/startup_stm32f401ccux.o
                0x0000000008000000                g_pfnVectors
                0x0000000008000194                . = ALIGN (0x4)

.text           0x00000000080001a0     0x91f8
                0x00000000080001a0                . = ALIGN (0x4)
 *(.text)
 .text          0x00000000080001a0       0x40 c:/stm32/stm32cubeide_1.8.0/stm32cubeide/plugins/com.st.stm32cube.ide.mcu.externaltools.gnu-tools-for-stm32.9-2020-q2-update.win32_2.0.0.202105311346/tools/bin/../lib/gcc/arm-none-eabi/9.3.1/thumb/v7e-m+fp/hard/crtbegin.o
 .text          0x00000000080001e0       0x10 c:/stm32/stm32cubeide_1.8.0/stm32cubeide/plugins/com.st.stm32cube.ide.mcu.externaltools.gnu-tools-for-stm32.9-2020-q2-update.win32_2.0.0.202105311346/tools/bin/../lib/gcc/arm-none-eabi/9.3.1/../../../../arm-none-eabi/lib/thumb/v7e-m+fp/hard\libc_nano.a(lib_a-strlen.o)
                0x00000000080001e0                strlen
 .text          0x00000000080001f0       0xa0 c:/stm32/stm32cubeide_1.8.0/stm32cubeide/plugins/com.st.stm32cube.ide.mcu.externaltools.gnu-tools-for-stm32.9-2020-q2-update.win32_2.0.0.202105311346/tools/bin/../lib/gcc/arm-none-eabi/9.3.1/../../../../arm-none-eabi/lib/thumb/v7e-m+fp/hard\libc_nano.a(lib_a-memchr.o)
                0x00000000080001f0                memchr
 .text          0x0000000008000290       0x30 c:/stm32/stm32cubeide_1.8.0/stm32cubeide/plugins/com.st.stm32cube.ide.mcu.externaltools.gnu-tools-for-stm32.9-2020-q2-update.win32_2.0.0.202105311346/tools/bin/../lib/gcc/arm-none-eabi/9.3.1/thumb/v7e-m+fp/hard\libgcc.a(_aeabi_uldivmod.o)
                0x0000000008000290                __aeabi_uldivmod
 .text          0x00000000080002c0      0x2c4 c:/stm32/stm32cubeide_1.8.0/stm32cubeide/plugins/com.st.stm32cube.ide.mcu.externaltools.gnu-tools-for-stm32.9-2020-q2-update.win32_2.0.0.202105311346/tools/bin/../lib/gcc/arm-none-eabi/9.3.1/thumb/v7e-m+fp/hard\libgcc.a(_udivmoddi4.o)
                0x00000000080002c0                __udivmoddi4
 .text          0x0000000008000584        0x4 c:/stm32/stm32cubeide_1.8.0/stm32cubeide/plugins/com.st.stm32cube.ide.mcu.externaltools.gnu-tools-for-stm32.9-2020-q2-update.win32_2.0.0.202105311346/tools/bin/../lib/gcc/arm-none-eabi/9.3.1/thumb/v7e-m+fp/hard\libgcc.a(_dvmd_tls.o)
                0x0000000008000584                __aeabi_idiv0
                0x0000000008000584                __aeabi_ldiv0
 *(.text*)
 .text.MX_DMA_Init
                0x0000000008000588       0x50 ./Core/Src/dma.o
                0x0000000008000588                MX_DMA_Init
 .text.showList
                0x00000000080005d8      0x254 ./Core/Src/fileBrowser.o
                0x00000000080005d8                showList
 .text.MX_GPIO_Init
                0x000000000800082c      0x16c ./Core/Src/gpio.o
                0x000000000800082c                MX_GPIO_Init
 .text.main     0x0000000008000998      0x3dc ./Core/Src/main.o
                0x0000000008000998                main
 .text.SystemClock_Config
                0x0000000008000d74       0xd8 ./Core/Src/main.o
                0x0000000008000d74                SystemClock_Config
 .text.dbgprintf
                0x0000000008000e4c       0x4c ./Core/Src/main.o
                0x0000000008000e4c                dbgprintf
 .text.waitACK  0x0000000008000e98       0x94 ./Core/Src/main.o
                0x0000000008000e98                waitACK
 .text.noticeVersion
                0x0000000008000f2c       0x38 ./Core/Src/main.o
                0x0000000008000f2c                noticeVersion
 .text.initialData
                0x0000000008000f64       0x74 ./Core/Src/main.o
                0x0000000008000f64                initialData
 .text.splashScreen
                0x0000000008000fd8       0x3c ./Core/Src/main.o
                0x0000000008000fd8                splashScreen
 .text.Error_Handler
                0x0000000008001014        0xa ./Core/Src/main.o
                0x0000000008001014                Error_Handler
 *fill*         0x000000000800101e        0x2 
 .text.spi_osd_cmd_cont
                0x0000000008001020       0x28 ./Core/Src/osd.o
                0x0000000008001020                spi_osd_cmd_cont
 .text.spi_n    0x0000000008001048       0x38 ./Core/Src/osd.o
                0x0000000008001048                spi_n
 .text.spi8     0x0000000008001080       0x24 ./Core/Src/osd.o
                0x0000000008001080                spi8
 .text.spi24    0x00000000080010a4       0x54 ./Core/Src/osd.o
                0x00000000080010a4                spi24
 .text.EnableOsdSPI
                0x00000000080010f8       0x1c ./Core/Src/osd.o
                0x00000000080010f8                EnableOsdSPI
 .text.DisableOsdSPI
                0x0000000008001114       0x1c ./Core/Src/osd.o
                0x0000000008001114                DisableOsdSPI
 .text.OSDVisible
                0x0000000008001130       0x2a ./Core/Src/osd.o
                0x0000000008001130                OSDVisible
 .text.OsdClear
                0x000000000800115a       0x1c ./Core/Src/osd.o
                0x000000000800115a                OsdClear
 *fill*         0x0000000008001176        0x2 
 .text.OsdWriteOffset
                0x0000000008001178      0x298 ./Core/Src/osd.o
                0x0000000008001178                OsdWriteOffset
 .text.initOSD  0x0000000008001410       0x16 ./Core/Src/osd.o
                0x0000000008001410                initOSD
 *fill*         0x0000000008001426        0x2 
 .text.program_FPGA_PS
                0x0000000008001428      0x400 ./Core/Src/passiveSerial.o
                0x0000000008001428                program_FPGA_PS
 .text.readKeyboard
                0x0000000008001828      0x1bc ./Core/Src/readKey.o
                0x0000000008001828                readKeyboard
 .text.initializeSdCard
                0x00000000080019e4       0xc8 ./Core/Src/sdCard.o
                0x00000000080019e4                initializeSdCard
 .text.buildCat
                0x0000000008001aac      0x2bc ./Core/Src/sdCard.o
                0x0000000008001aac                buildCat
 .text.MX_SPI1_Init
                0x0000000008001d68       0x6c ./Core/Src/spi.o
                0x0000000008001d68                MX_SPI1_Init
 .text.MX_SPI2_Init
                0x0000000008001dd4       0x6c ./Core/Src/spi.o
                0x0000000008001dd4                MX_SPI2_Init
 .text.HAL_SPI_MspInit
                0x0000000008001e40      0x1d8 ./Core/Src/spi.o
                0x0000000008001e40                HAL_SPI_MspInit
 .text.HAL_MspInit
                0x0000000008002018       0x50 ./Core/Src/stm32f4xx_hal_msp.o
                0x0000000008002018                HAL_MspInit
 .text.NMI_Handler
                0x0000000008002068        0x6 ./Core/Src/stm32f4xx_it.o
                0x0000000008002068                NMI_Handler
 .text.HardFault_Handler
                0x000000000800206e        0x6 ./Core/Src/stm32f4xx_it.o
                0x000000000800206e                HardFault_Handler
 .text.MemManage_Handler
                0x0000000008002074        0x6 ./Core/Src/stm32f4xx_it.o
                0x0000000008002074                MemManage_Handler
 .text.BusFault_Handler
                0x000000000800207a        0x6 ./Core/Src/stm32f4xx_it.o
                0x000000000800207a                BusFault_Handler
 .text.UsageFault_Handler
                0x0000000008002080        0x6 ./Core/Src/stm32f4xx_it.o
                0x0000000008002080                UsageFault_Handler
 .text.SVC_Handler
                0x0000000008002086        0xe ./Core/Src/stm32f4xx_it.o
                0x0000000008002086                SVC_Handler
 .text.DebugMon_Handler
                0x0000000008002094        0xe ./Core/Src/stm32f4xx_it.o
                0x0000000008002094                DebugMon_Handler
 .text.PendSV_Handler
                0x00000000080020a2        0xe ./Core/Src/stm32f4xx_it.o
                0x00000000080020a2                PendSV_Handler
 .text.SysTick_Handler
                0x00000000080020b0        0xc ./Core/Src/stm32f4xx_it.o
                0x00000000080020b0                SysTick_Handler
 .text.SPI1_IRQHandler
                0x00000000080020bc       0x14 ./Core/Src/stm32f4xx_it.o
                0x00000000080020bc                SPI1_IRQHandler
 .text.DMA2_Stream0_IRQHandler
                0x00000000080020d0       0x14 ./Core/Src/stm32f4xx_it.o
                0x00000000080020d0                DMA2_Stream0_IRQHandler
 .text.DMA2_Stream3_IRQHandler
                0x00000000080020e4       0x14 ./Core/Src/stm32f4xx_it.o
                0x00000000080020e4                DMA2_Stream3_IRQHandler
 .text._sbrk    0x00000000080020f8       0x6c ./Core/Src/sysmem.o
                0x00000000080020f8                _sbrk
 .text.SystemInit
                0x0000000008002164       0x24 ./Core/Src/system_stm32f4xx.o
                0x0000000008002164                SystemInit
 .text.MX_USART1_UART_Init
                0x0000000008002188       0x54 ./Core/Src/usart.o
                0x0000000008002188                MX_USART1_UART_Init
 .text.HAL_UART_MspInit
                0x00000000080021dc       0x90 ./Core/Src/usart.o
                0x00000000080021dc                HAL_UART_MspInit
 .text.Reset_Handler
                0x000000000800226c       0x50 ./Core/Startup/startup_stm32f401ccux.o
                0x000000000800226c                Reset_Handler
 .text.Default_Handler
                0x00000000080022bc        0x2 ./Core/Startup/startup_stm32f401ccux.o
                0x00000000080022bc                RTC_Alarm_IRQHandler
                0x00000000080022bc                EXTI2_IRQHandler
                0x00000000080022bc                SPI4_IRQHandler
                0x00000000080022bc                TIM1_CC_IRQHandler
                0x00000000080022bc                DMA2_Stream5_IRQHandler
                0x00000000080022bc                DMA1_Stream5_IRQHandler
                0x00000000080022bc                PVD_IRQHandler
                0x00000000080022bc                SDIO_IRQHandler
                0x00000000080022bc                TAMP_STAMP_IRQHandler
                0x00000000080022bc                EXTI3_IRQHandler
                0x00000000080022bc                TIM1_UP_TIM10_IRQHandler
                0x00000000080022bc                I2C3_ER_IRQHandler
                0x00000000080022bc                EXTI0_IRQHandler
                0x00000000080022bc                I2C2_EV_IRQHandler
                0x00000000080022bc                DMA1_Stream2_IRQHandler
                0x00000000080022bc                FPU_IRQHandler
                0x00000000080022bc                DMA2_Stream2_IRQHandler
                0x00000000080022bc                TIM1_BRK_TIM9_IRQHandler
                0x00000000080022bc                USART6_IRQHandler
                0x00000000080022bc                TIM4_IRQHandler
                0x00000000080022bc                I2C1_EV_IRQHandler
                0x00000000080022bc                DMA1_Stream6_IRQHandler
                0x00000000080022bc                DMA1_Stream1_IRQHandler
                0x00000000080022bc                TIM3_IRQHandler
                0x00000000080022bc                RCC_IRQHandler
                0x00000000080022bc                Default_Handler
                0x00000000080022bc                EXTI15_10_IRQHandler
                0x00000000080022bc                ADC_IRQHandler
                0x00000000080022bc                DMA1_Stream7_IRQHandler
                0x00000000080022bc                TIM5_IRQHandler
                0x00000000080022bc                DMA2_Stream7_IRQHandler
                0x00000000080022bc                I2C3_EV_IRQHandler
                0x00000000080022bc                EXTI9_5_IRQHandler
                0x00000000080022bc                RTC_WKUP_IRQHandler
                0x00000000080022bc                SPI2_IRQHandler
                0x00000000080022bc                DMA1_Stream0_IRQHandler
                0x00000000080022bc                EXTI4_IRQHandler
                0x00000000080022bc                WWDG_IRQHandler
                0x00000000080022bc                TIM2_IRQHandler
                0x00000000080022bc                OTG_FS_WKUP_IRQHandler
                0x00000000080022bc                TIM1_TRG_COM_TIM11_IRQHandler
                0x00000000080022bc                EXTI1_IRQHandler
                0x00000000080022bc                USART2_IRQHandler
                0x00000000080022bc                I2C2_ER_IRQHandler
                0x00000000080022bc                DMA2_Stream1_IRQHandler
                0x00000000080022bc                FLASH_IRQHandler
                0x00000000080022bc                DMA2_Stream4_IRQHandler
                0x00000000080022bc                USART1_IRQHandler
                0x00000000080022bc                OTG_FS_IRQHandler
                0x00000000080022bc                SPI3_IRQHandler
                0x00000000080022bc                DMA1_Stream4_IRQHandler
                0x00000000080022bc                I2C1_ER_IRQHandler
                0x00000000080022bc                DMA2_Stream6_IRQHandler
                0x00000000080022bc                DMA1_Stream3_IRQHandler
 *fill*         0x00000000080022be        0x2 
 .text.HAL_Init
                0x00000000080022c0       0x44 ./Drivers/STM32F4xx_HAL_Driver/Src/stm32f4xx_hal.o
                0x00000000080022c0                HAL_Init
 .text.HAL_InitTick
                0x0000000008002304       0x60 ./Drivers/STM32F4xx_HAL_Driver/Src/stm32f4xx_hal.o
                0x0000000008002304                HAL_InitTick
 .text.HAL_IncTick
                0x0000000008002364       0x28 ./Drivers/STM32F4xx_HAL_Driver/Src/stm32f4xx_hal.o
                0x0000000008002364                HAL_IncTick
 .text.HAL_GetTick
                0x000000000800238c       0x18 ./Drivers/STM32F4xx_HAL_Driver/Src/stm32f4xx_hal.o
                0x000000000800238c                HAL_GetTick
 .text.HAL_Delay
                0x00000000080023a4       0x48 ./Drivers/STM32F4xx_HAL_Driver/Src/stm32f4xx_hal.o
                0x00000000080023a4                HAL_Delay
 .text.__NVIC_SetPriorityGrouping
                0x00000000080023ec       0x48 ./Drivers/STM32F4xx_HAL_Driver/Src/stm32f4xx_hal_cortex.o
 .text.__NVIC_GetPriorityGrouping
                0x0000000008002434       0x1c ./Drivers/STM32F4xx_HAL_Driver/Src/stm32f4xx_hal_cortex.o
 .text.__NVIC_EnableIRQ
                0x0000000008002450       0x3c ./Drivers/STM32F4xx_HAL_Driver/Src/stm32f4xx_hal_cortex.o
 .text.__NVIC_SetPriority
                0x000000000800248c       0x54 ./Drivers/STM32F4xx_HAL_Driver/Src/stm32f4xx_hal_cortex.o
 .text.NVIC_EncodePriority
                0x00000000080024e0       0x66 ./Drivers/STM32F4xx_HAL_Driver/Src/stm32f4xx_hal_cortex.o
 *fill*         0x0000000008002546        0x2 
 .text.SysTick_Config
                0x0000000008002548       0x44 ./Drivers/STM32F4xx_HAL_Driver/Src/stm32f4xx_hal_cortex.o
 .text.HAL_NVIC_SetPriorityGrouping
                0x000000000800258c       0x16 ./Drivers/STM32F4xx_HAL_Driver/Src/stm32f4xx_hal_cortex.o
                0x000000000800258c                HAL_NVIC_SetPriorityGrouping
 .text.HAL_NVIC_SetPriority
                0x00000000080025a2       0x38 ./Drivers/STM32F4xx_HAL_Driver/Src/stm32f4xx_hal_cortex.o
                0x00000000080025a2                HAL_NVIC_SetPriority
 .text.HAL_NVIC_EnableIRQ
                0x00000000080025da       0x1c ./Drivers/STM32F4xx_HAL_Driver/Src/stm32f4xx_hal_cortex.o
                0x00000000080025da                HAL_NVIC_EnableIRQ
 .text.HAL_SYSTICK_Config
                0x00000000080025f6       0x18 ./Drivers/STM32F4xx_HAL_Driver/Src/stm32f4xx_hal_cortex.o
                0x00000000080025f6                HAL_SYSTICK_Config
 *fill*         0x000000000800260e        0x2 
 .text.HAL_DMA_Init
                0x0000000008002610      0x15c ./Drivers/STM32F4xx_HAL_Driver/Src/stm32f4xx_hal_dma.o
                0x0000000008002610                HAL_DMA_Init
 .text.HAL_DMA_Start_IT
                0x000000000800276c       0xb0 ./Drivers/STM32F4xx_HAL_Driver/Src/stm32f4xx_hal_dma.o
                0x000000000800276c                HAL_DMA_Start_IT
 .text.HAL_DMA_Abort_IT
                0x000000000800281c       0x44 ./Drivers/STM32F4xx_HAL_Driver/Src/stm32f4xx_hal_dma.o
                0x000000000800281c                HAL_DMA_Abort_IT
 .text.HAL_DMA_IRQHandler
                0x0000000008002860      0x314 ./Drivers/STM32F4xx_HAL_Driver/Src/stm32f4xx_hal_dma.o
                0x0000000008002860                HAL_DMA_IRQHandler
 .text.DMA_SetConfig
                0x0000000008002b74       0x5c ./Drivers/STM32F4xx_HAL_Driver/Src/stm32f4xx_hal_dma.o
 .text.DMA_CalcBaseAndBitshift
                0x0000000008002bd0       0x6c ./Drivers/STM32F4xx_HAL_Driver/Src/stm32f4xx_hal_dma.o
 .text.DMA_CheckFifoParam
                0x0000000008002c3c       0xf8 ./Drivers/STM32F4xx_HAL_Driver/Src/stm32f4xx_hal_dma.o
 .text.HAL_GPIO_Init
                0x0000000008002d34      0x308 ./Drivers/STM32F4xx_HAL_Driver/Src/stm32f4xx_hal_gpio.o
                0x0000000008002d34                HAL_GPIO_Init
 .text.HAL_GPIO_WritePin
                0x000000000800303c       0x32 ./Drivers/STM32F4xx_HAL_Driver/Src/stm32f4xx_hal_gpio.o
                0x000000000800303c                HAL_GPIO_WritePin
 *fill*         0x000000000800306e        0x2 
 .text.HAL_RCC_OscConfig
                0x0000000008003070      0x4f0 ./Drivers/STM32F4xx_HAL_Driver/Src/stm32f4xx_hal_rcc.o
                0x0000000008003070                HAL_RCC_OscConfig
 .text.HAL_RCC_ClockConfig
                0x0000000008003560      0x1cc ./Drivers/STM32F4xx_HAL_Driver/Src/stm32f4xx_hal_rcc.o
                0x0000000008003560                HAL_RCC_ClockConfig
 .text.HAL_RCC_GetSysClockFreq
                0x000000000800372c      0x16c ./Drivers/STM32F4xx_HAL_Driver/Src/stm32f4xx_hal_rcc.o
                0x000000000800372c                HAL_RCC_GetSysClockFreq
 .text.HAL_RCC_GetHCLKFreq
                0x0000000008003898       0x18 ./Drivers/STM32F4xx_HAL_Driver/Src/stm32f4xx_hal_rcc.o
                0x0000000008003898                HAL_RCC_GetHCLKFreq
 .text.HAL_RCC_GetPCLK1Freq
                0x00000000080038b0       0x28 ./Drivers/STM32F4xx_HAL_Driver/Src/stm32f4xx_hal_rcc.o
                0x00000000080038b0                HAL_RCC_GetPCLK1Freq
 .text.HAL_RCC_GetPCLK2Freq
                0x00000000080038d8       0x28 ./Drivers/STM32F4xx_HAL_Driver/Src/stm32f4xx_hal_rcc.o
                0x00000000080038d8                HAL_RCC_GetPCLK2Freq
 .text.HAL_SPI_Init
                0x0000000008003900      0x112 ./Drivers/STM32F4xx_HAL_Driver/Src/stm32f4xx_hal_spi.o
                0x0000000008003900                HAL_SPI_Init
 .text.HAL_SPI_Transmit
                0x0000000008003a12      0x278 ./Drivers/STM32F4xx_HAL_Driver/Src/stm32f4xx_hal_spi.o
                0x0000000008003a12                HAL_SPI_Transmit
 .text.HAL_SPI_TransmitReceive
                0x0000000008003c8a      0x344 ./Drivers/STM32F4xx_HAL_Driver/Src/stm32f4xx_hal_spi.o
                0x0000000008003c8a                HAL_SPI_TransmitReceive
 *fill*         0x0000000008003fce        0x2 
 .text.HAL_SPI_Transmit_DMA
                0x0000000008003fd0      0x16c ./Drivers/STM32F4xx_HAL_Driver/Src/stm32f4xx_hal_spi.o
                0x0000000008003fd0                HAL_SPI_Transmit_DMA
 .text.HAL_SPI_IRQHandler
                0x000000000800413c      0x200 ./Drivers/STM32F4xx_HAL_Driver/Src/stm32f4xx_hal_spi.o
                0x000000000800413c                HAL_SPI_IRQHandler
 .text.HAL_SPI_TxCpltCallback
                0x000000000800433c       0x14 ./Drivers/STM32F4xx_HAL_Driver/Src/stm32f4xx_hal_spi.o
                0x000000000800433c                HAL_SPI_TxCpltCallback
 .text.HAL_SPI_TxHalfCpltCallback
                0x0000000008004350       0x14 ./Drivers/STM32F4xx_HAL_Driver/Src/stm32f4xx_hal_spi.o
                0x0000000008004350                HAL_SPI_TxHalfCpltCallback
 .text.HAL_SPI_ErrorCallback
                0x0000000008004364       0x14 ./Drivers/STM32F4xx_HAL_Driver/Src/stm32f4xx_hal_spi.o
                0x0000000008004364                HAL_SPI_ErrorCallback
 .text.SPI_DMATransmitCplt
                0x0000000008004378       0xa8 ./Drivers/STM32F4xx_HAL_Driver/Src/stm32f4xx_hal_spi.o
 .text.SPI_DMAHalfTransmitCplt
                0x0000000008004420       0x1c ./Drivers/STM32F4xx_HAL_Driver/Src/stm32f4xx_hal_spi.o
 .text.SPI_DMAError
                0x000000000800443c       0x40 ./Drivers/STM32F4xx_HAL_Driver/Src/stm32f4xx_hal_spi.o
 .text.SPI_DMAAbortOnError
                0x000000000800447c       0x28 ./Drivers/STM32F4xx_HAL_Driver/Src/stm32f4xx_hal_spi.o
 .text.SPI_WaitFlagStateUntilTimeout
                0x00000000080044a4      0x110 ./Drivers/STM32F4xx_HAL_Driver/Src/stm32f4xx_hal_spi.o
 .text.SPI_EndRxTxTransaction
                0x00000000080045b4       0x84 ./Drivers/STM32F4xx_HAL_Driver/Src/stm32f4xx_hal_spi.o
 .text.HAL_UART_Init
                0x0000000008004638       0x9a ./Drivers/STM32F4xx_HAL_Driver/Src/stm32f4xx_hal_uart.o
                0x0000000008004638                HAL_UART_Init
 .text.HAL_UART_Transmit
                0x00000000080046d2      0x124 ./Drivers/STM32F4xx_HAL_Driver/Src/stm32f4xx_hal_uart.o
                0x00000000080046d2                HAL_UART_Transmit
 .text.UART_WaitOnFlagUntilTimeout
                0x00000000080047f6       0xdc ./Drivers/STM32F4xx_HAL_Driver/Src/stm32f4xx_hal_uart.o
 *fill*         0x00000000080048d2        0x2 
 .text.UART_SetConfig
                0x00000000080048d4      0x390 ./Drivers/STM32F4xx_HAL_Driver/Src/stm32f4xx_hal_uart.o
 .text.MX_FATFS_Init
                0x0000000008004c64       0x24 ./FATFS/App/fatfs.o
                0x0000000008004c64                MX_FATFS_Init
 .text.get_fattime
                0x0000000008004c88       0x10 ./FATFS/App/fatfs.o
                0x0000000008004c88                get_fattime
 .text.USER_initialize
                0x0000000008004c98       0x1c ./FATFS/Target/user_diskio.o
                0x0000000008004c98                USER_initialize
 .text.USER_status
                0x0000000008004cb4       0x1c ./FATFS/Target/user_diskio.o
                0x0000000008004cb4                USER_status
 .text.USER_read
                0x0000000008004cd0       0x26 ./FATFS/Target/user_diskio.o
                0x0000000008004cd0                USER_read
 .text.USER_write
                0x0000000008004cf6       0x26 ./FATFS/Target/user_diskio.o
                0x0000000008004cf6                USER_write
 .text.USER_ioctl
                0x0000000008004d1c       0x26 ./FATFS/Target/user_diskio.o
                0x0000000008004d1c                USER_ioctl
 *fill*         0x0000000008004d42        0x2 
 .text.SPI_Timer_On
                0x0000000008004d44       0x28 ./FATFS/Target/user_diskio_spi.o
                0x0000000008004d44                SPI_Timer_On
 .text.SPI_Timer_Status
                0x0000000008004d6c       0x2c ./FATFS/Target/user_diskio_spi.o
                0x0000000008004d6c                SPI_Timer_Status
 .text.xchg_spi
                0x0000000008004d98       0x2c ./FATFS/Target/user_diskio_spi.o
 .text.rcvr_spi_multi
                0x0000000008004dc4       0x48 ./FATFS/Target/user_diskio_spi.o
 .text.xmit_spi_multi
                0x0000000008004e0c       0x24 ./FATFS/Target/user_diskio_spi.o
 .text.wait_ready
                0x0000000008004e30       0x46 ./FATFS/Target/user_diskio_spi.o
 *fill*         0x0000000008004e76        0x2 
 .text.despiselect
                0x0000000008004e78       0x1c ./FATFS/Target/user_diskio_spi.o
 .text.spiselect
                0x0000000008004e94       0x34 ./FATFS/Target/user_diskio_spi.o
 .text.rcvr_datablock
                0x0000000008004ec8       0x52 ./FATFS/Target/user_diskio_spi.o
 .text.xmit_datablock
                0x0000000008004f1a       0x64 ./FATFS/Target/user_diskio_spi.o
 .text.send_cmd
                0x0000000008004f7e       0xde ./FATFS/Target/user_diskio_spi.o
 .text.USER_SPI_initialize
                0x000000000800505c      0x20c ./FATFS/Target/user_diskio_spi.o
                0x000000000800505c                USER_SPI_initialize
 .text.USER_SPI_status
                0x0000000008005268       0x2c ./FATFS/Target/user_diskio_spi.o
                0x0000000008005268                USER_SPI_status
 .text.USER_SPI_read
                0x0000000008005294       0xcc ./FATFS/Target/user_diskio_spi.o
                0x0000000008005294                USER_SPI_read
 .text.USER_SPI_write
                0x0000000008005360       0xf8 ./FATFS/Target/user_diskio_spi.o
                0x0000000008005360                USER_SPI_write
 .text.USER_SPI_ioctl
                0x0000000008005458      0x2f0 ./FATFS/Target/user_diskio_spi.o
                0x0000000008005458                USER_SPI_ioctl
 .text.disk_status
                0x0000000008005748       0x34 ./Middlewares/Third_Party/FatFs/src/diskio.o
                0x0000000008005748                disk_status
 .text.disk_initialize
                0x000000000800577c       0x4c ./Middlewares/Third_Party/FatFs/src/diskio.o
                0x000000000800577c                disk_initialize
 .text.disk_read
                0x00000000080057c8       0x40 ./Middlewares/Third_Party/FatFs/src/diskio.o
                0x00000000080057c8                disk_read
 .text.disk_write
                0x0000000008005808       0x40 ./Middlewares/Third_Party/FatFs/src/diskio.o
                0x0000000008005808                disk_write
 .text.disk_ioctl
                0x0000000008005848       0x3c ./Middlewares/Third_Party/FatFs/src/diskio.o
                0x0000000008005848                disk_ioctl
 .text.ld_word  0x0000000008005884       0x30 ./Middlewares/Third_Party/FatFs/src/ff.o
 .text.ld_dword
                0x00000000080058b4       0x46 ./Middlewares/Third_Party/FatFs/src/ff.o
 .text.st_word  0x00000000080058fa       0x36 ./Middlewares/Third_Party/FatFs/src/ff.o
 .text.st_dword
                0x0000000008005930       0x58 ./Middlewares/Third_Party/FatFs/src/ff.o
 .text.mem_cpy  0x0000000008005988       0x42 ./Middlewares/Third_Party/FatFs/src/ff.o
 .text.mem_set  0x00000000080059ca       0x36 ./Middlewares/Third_Party/FatFs/src/ff.o
 .text.mem_cmp  0x0000000008005a00       0x4e ./Middlewares/Third_Party/FatFs/src/ff.o
 .text.chk_chr  0x0000000008005a4e       0x36 ./Middlewares/Third_Party/FatFs/src/ff.o
 .text.chk_lock
                0x0000000008005a84       0xb8 ./Middlewares/Third_Party/FatFs/src/ff.o
 .text.enq_lock
                0x0000000008005b3c       0x44 ./Middlewares/Third_Party/FatFs/src/ff.o
 .text.inc_lock
                0x0000000008005b80      0x11c ./Middlewares/Third_Party/FatFs/src/ff.o
 .text.dec_lock
                0x0000000008005c9c       0x78 ./Middlewares/Third_Party/FatFs/src/ff.o
 .text.clear_lock
                0x0000000008005d14       0x48 ./Middlewares/Third_Party/FatFs/src/ff.o
 .text.sync_window
                0x0000000008005d5c       0x88 ./Middlewares/Third_Party/FatFs/src/ff.o
 .text.move_window
                0x0000000008005de4       0x5a ./Middlewares/Third_Party/FatFs/src/ff.o
 *fill*         0x0000000008005e3e        0x2 
 .text.sync_fs  0x0000000008005e40       0xdc ./Middlewares/Third_Party/FatFs/src/ff.o
 .text.clust2sect
                0x0000000008005f1c       0x3e ./Middlewares/Third_Party/FatFs/src/ff.o
 .text.get_fat  0x0000000008005f5a      0x150 ./Middlewares/Third_Party/FatFs/src/ff.o
 .text.put_fat  0x00000000080060aa      0x1d8 ./Middlewares/Third_Party/FatFs/src/ff.o
 .text.remove_chain
                0x0000000008006282       0xca ./Middlewares/Third_Party/FatFs/src/ff.o
 .text.create_chain
                0x000000000800634c      0x130 ./Middlewares/Third_Party/FatFs/src/ff.o
 .text.clmt_clust
                0x000000000800647c       0x68 ./Middlewares/Third_Party/FatFs/src/ff.o
 .text.dir_sdi  0x00000000080064e4       0xf6 ./Middlewares/Third_Party/FatFs/src/ff.o
 .text.dir_next
                0x00000000080065da      0x18a ./Middlewares/Third_Party/FatFs/src/ff.o
 .text.dir_alloc
                0x0000000008006764       0x8e ./Middlewares/Third_Party/FatFs/src/ff.o
 .text.ld_clust
                0x00000000080067f2       0x3e ./Middlewares/Third_Party/FatFs/src/ff.o
 .text.st_clust
                0x0000000008006830       0x40 ./Middlewares/Third_Party/FatFs/src/ff.o
 .text.cmp_lfn  0x0000000008006870       0xe0 ./Middlewares/Third_Party/FatFs/src/ff.o
 .text.pick_lfn
                0x0000000008006950       0xc8 ./Middlewares/Third_Party/FatFs/src/ff.o
 .text.put_lfn  0x0000000008006a18       0xd0 ./Middlewares/Third_Party/FatFs/src/ff.o
 .text.gen_numname
                0x0000000008006ae8      0x120 ./Middlewares/Third_Party/FatFs/src/ff.o
 .text.sum_sfn  0x0000000008006c08       0x42 ./Middlewares/Third_Party/FatFs/src/ff.o
 .text.dir_read
                0x0000000008006c4a      0x14e ./Middlewares/Third_Party/FatFs/src/ff.o
 .text.dir_find
                0x0000000008006d98      0x180 ./Middlewares/Third_Party/FatFs/src/ff.o
 .text.dir_register
                0x0000000008006f18      0x1f0 ./Middlewares/Third_Party/FatFs/src/ff.o
 .text.get_fileinfo
                0x0000000008007108      0x1ba ./Middlewares/Third_Party/FatFs/src/ff.o
 *fill*         0x00000000080072c2        0x2 
 .text.create_name
                0x00000000080072c4      0x370 ./Middlewares/Third_Party/FatFs/src/ff.o
 .text.follow_path
                0x0000000008007634       0xe2 ./Middlewares/Third_Party/FatFs/src/ff.o
 .text.get_ldnumber
                0x0000000008007716       0x88 ./Middlewares/Third_Party/FatFs/src/ff.o
 *fill*         0x000000000800779e        0x2 
 .text.check_fs
                0x00000000080077a0       0xac ./Middlewares/Third_Party/FatFs/src/ff.o
 .text.find_volume
                0x000000000800784c      0x4a4 ./Middlewares/Third_Party/FatFs/src/ff.o
 .text.validate
                0x0000000008007cf0       0x6a ./Middlewares/Third_Party/FatFs/src/ff.o
 *fill*         0x0000000008007d5a        0x2 
 .text.f_mount  0x0000000008007d5c       0x8c ./Middlewares/Third_Party/FatFs/src/ff.o
                0x0000000008007d5c                f_mount
 .text.f_open   0x0000000008007de8      0x34a ./Middlewares/Third_Party/FatFs/src/ff.o
                0x0000000008007de8                f_open
 .text.f_read   0x0000000008008132      0x232 ./Middlewares/Third_Party/FatFs/src/ff.o
                0x0000000008008132                f_read
 .text.f_sync   0x0000000008008364       0xc6 ./Middlewares/Third_Party/FatFs/src/ff.o
                0x0000000008008364                f_sync
 .text.f_close  0x000000000800842a       0x54 ./Middlewares/Third_Party/FatFs/src/ff.o
                0x000000000800842a                f_close
 .text.f_opendir
                0x000000000800847e       0xe6 ./Middlewares/Third_Party/FatFs/src/ff.o
                0x000000000800847e                f_opendir
 .text.f_closedir
                0x0000000008008564       0x4c ./Middlewares/Third_Party/FatFs/src/ff.o
                0x0000000008008564                f_closedir
 .text.f_readdir
                0x00000000080085b0       0x7a ./Middlewares/Third_Party/FatFs/src/ff.o
                0x00000000080085b0                f_readdir
 .text.f_getfree
                0x000000000800862a      0x16a ./Middlewares/Third_Party/FatFs/src/ff.o
                0x000000000800862a                f_getfree
 .text.FATFS_LinkDriverEx
                0x0000000008008794       0x98 ./Middlewares/Third_Party/FatFs/src/ff_gen_drv.o
                0x0000000008008794                FATFS_LinkDriverEx
 .text.FATFS_LinkDriver
                0x000000000800882c       0x1e ./Middlewares/Third_Party/FatFs/src/ff_gen_drv.o
                0x000000000800882c                FATFS_LinkDriver
 *fill*         0x000000000800884a        0x2 
 .text.ff_convert
                0x000000000800884c       0x78 ./Middlewares/Third_Party/FatFs/src/option/ccsbcs.o
                0x000000000800884c                ff_convert
 .text.ff_wtoupper
                0x00000000080088c4      0x114 ./Middlewares/Third_Party/FatFs/src/option/ccsbcs.o
                0x00000000080088c4                ff_wtoupper
 .text.__errno  0x00000000080089d8        0xc c:/stm32/stm32cubeide_1.8.0/stm32cubeide/plugins/com.st.stm32cube.ide.mcu.externaltools.gnu-tools-for-stm32.9-2020-q2-update.win32_2.0.0.202105311346/tools/bin/../lib/gcc/arm-none-eabi/9.3.1/../../../../arm-none-eabi/lib/thumb/v7e-m+fp/hard\libc_nano.a(lib_a-errno.o)
                0x00000000080089d8                __errno
 .text.__libc_init_array
                0x00000000080089e4       0x48 c:/stm32/stm32cubeide_1.8.0/stm32cubeide/plugins/com.st.stm32cube.ide.mcu.externaltools.gnu-tools-for-stm32.9-2020-q2-update.win32_2.0.0.202105311346/tools/bin/../lib/gcc/arm-none-eabi/9.3.1/../../../../arm-none-eabi/lib/thumb/v7e-m+fp/hard\libc_nano.a(lib_a-init.o)
                0x00000000080089e4                __libc_init_array
 .text.memset   0x0000000008008a2c       0x10 c:/stm32/stm32cubeide_1.8.0/stm32cubeide/plugins/com.st.stm32cube.ide.mcu.externaltools.gnu-tools-for-stm32.9-2020-q2-update.win32_2.0.0.202105311346/tools/bin/../lib/gcc/arm-none-eabi/9.3.1/../../../../arm-none-eabi/lib/thumb/v7e-m+fp/hard\libc_nano.a(lib_a-memset.o)
                0x0000000008008a2c                memset
 .text.sprintf  0x0000000008008a3c       0x40 c:/stm32/stm32cubeide_1.8.0/stm32cubeide/plugins/com.st.stm32cube.ide.mcu.externaltools.gnu-tools-for-stm32.9-2020-q2-update.win32_2.0.0.202105311346/tools/bin/../lib/gcc/arm-none-eabi/9.3.1/../../../../arm-none-eabi/lib/thumb/v7e-m+fp/hard\libc_nano.a(lib_a-sprintf.o)
                0x0000000008008a3c                siprintf
                0x0000000008008a3c                sprintf
 .text.strcat   0x0000000008008a7c       0x1e c:/stm32/stm32cubeide_1.8.0/stm32cubeide/plugins/com.st.stm32cube.ide.mcu.externaltools.gnu-tools-for-stm32.9-2020-q2-update.win32_2.0.0.202105311346/tools/bin/../lib/gcc/arm-none-eabi/9.3.1/../../../../arm-none-eabi/lib/thumb/v7e-m+fp/hard\libc_nano.a(lib_a-strcat.o)
                0x0000000008008a7c                strcat
 .text.strncpy  0x0000000008008a9a       0x26 c:/stm32/stm32cubeide_1.8.0/stm32cubeide/plugins/com.st.stm32cube.ide.mcu.externaltools.gnu-tools-for-stm32.9-2020-q2-update.win32_2.0.0.202105311346/tools/bin/../lib/gcc/arm-none-eabi/9.3.1/../../../../arm-none-eabi/lib/thumb/v7e-m+fp/hard\libc_nano.a(lib_a-strncpy.o)
                0x0000000008008a9a                strncpy
 .text.strstr   0x0000000008008ac0       0x2e c:/stm32/stm32cubeide_1.8.0/stm32cubeide/plugins/com.st.stm32cube.ide.mcu.externaltools.gnu-tools-for-stm32.9-2020-q2-update.win32_2.0.0.202105311346/tools/bin/../lib/gcc/arm-none-eabi/9.3.1/../../../../arm-none-eabi/lib/thumb/v7e-m+fp/hard\libc_nano.a(lib_a-strstr.o)
                0x0000000008008ac0                strstr
 .text._vsnprintf_r
                0x0000000008008aee       0x58 c:/stm32/stm32cubeide_1.8.0/stm32cubeide/plugins/com.st.stm32cube.ide.mcu.externaltools.gnu-tools-for-stm32.9-2020-q2-update.win32_2.0.0.202105311346/tools/bin/../lib/gcc/arm-none-eabi/9.3.1/../../../../arm-none-eabi/lib/thumb/v7e-m+fp/hard\libc_nano.a(lib_a-vsnprintf.o)
                0x0000000008008aee                _vsniprintf_r
                0x0000000008008aee                _vsnprintf_r
 *fill*         0x0000000008008b46        0x2 
 .text.vsnprintf
                0x0000000008008b48       0x1c c:/stm32/stm32cubeide_1.8.0/stm32cubeide/plugins/com.st.stm32cube.ide.mcu.externaltools.gnu-tools-for-stm32.9-2020-q2-update.win32_2.0.0.202105311346/tools/bin/../lib/gcc/arm-none-eabi/9.3.1/../../../../arm-none-eabi/lib/thumb/v7e-m+fp/hard\libc_nano.a(lib_a-vsnprintf.o)
                0x0000000008008b48                vsniprintf
                0x0000000008008b48                vsnprintf
 .text._free_r  0x0000000008008b64       0xa0 c:/stm32/stm32cubeide_1.8.0/stm32cubeide/plugins/com.st.stm32cube.ide.mcu.externaltools.gnu-tools-for-stm32.9-2020-q2-update.win32_2.0.0.202105311346/tools/bin/../lib/gcc/arm-none-eabi/9.3.1/../../../../arm-none-eabi/lib/thumb/v7e-m+fp/hard\libc_nano.a(lib_a-nano-freer.o)
                0x0000000008008b64                _free_r
 .text._malloc_r
                0x0000000008008c04       0xb4 c:/stm32/stm32cubeide_1.8.0/stm32cubeide/plugins/com.st.stm32cube.ide.mcu.externaltools.gnu-tools-for-stm32.9-2020-q2-update.win32_2.0.0.202105311346/tools/bin/../lib/gcc/arm-none-eabi/9.3.1/../../../../arm-none-eabi/lib/thumb/v7e-m+fp/hard\libc_nano.a(lib_a-nano-mallocr.o)
                0x0000000008008c04                _malloc_r
 .text.__ssputs_r
                0x0000000008008cb8       0xb6 c:/stm32/stm32cubeide_1.8.0/stm32cubeide/plugins/com.st.stm32cube.ide.mcu.externaltools.gnu-tools-for-stm32.9-2020-q2-update.win32_2.0.0.202105311346/tools/bin/../lib/gcc/arm-none-eabi/9.3.1/../../../../arm-none-eabi/lib/thumb/v7e-m+fp/hard\libc_nano.a(lib_a-nano-svfprintf.o)
                0x0000000008008cb8                __ssputs_r
 *fill*         0x0000000008008d6e        0x2 
 .text._svfprintf_r
                0x0000000008008d70      0x200 c:/stm32/stm32cubeide_1.8.0/stm32cubeide/plugins/com.st.stm32cube.ide.mcu.externaltools.gnu-tools-for-stm32.9-2020-q2-update.win32_2.0.0.202105311346/tools/bin/../lib/gcc/arm-none-eabi/9.3.1/../../../../arm-none-eabi/lib/thumb/v7e-m+fp/hard\libc_nano.a(lib_a-nano-svfprintf.o)
                0x0000000008008d70                _svfiprintf_r
                0x0000000008008d70                _svfprintf_r
 .text._printf_common
                0x0000000008008f70       0xda c:/stm32/stm32cubeide_1.8.0/stm32cubeide/plugins/com.st.stm32cube.ide.mcu.externaltools.gnu-tools-for-stm32.9-2020-q2-update.win32_2.0.0.202105311346/tools/bin/../lib/gcc/arm-none-eabi/9.3.1/../../../../arm-none-eabi/lib/thumb/v7e-m+fp/hard\libc_nano.a(lib_a-nano-vfprintf_i.o)
                0x0000000008008f70                _printf_common
 *fill*         0x000000000800904a        0x2 
 .text._printf_i
                0x000000000800904c      0x24c c:/stm32/stm32cubeide_1.8.0/stm32cubeide/plugins/com.st.stm32cube.ide.mcu.externaltools.gnu-tools-for-stm32.9-2020-q2-update.win32_2.0.0.202105311346/tools/bin/../lib/gcc/arm-none-eabi/9.3.1/../../../../arm-none-eabi/lib/thumb/v7e-m+fp/hard\libc_nano.a(lib_a-nano-vfprintf_i.o)
                0x000000000800904c                _printf_i
 .text._sbrk_r  0x0000000008009298       0x20 c:/stm32/stm32cubeide_1.8.0/stm32cubeide/plugins/com.st.stm32cube.ide.mcu.externaltools.gnu-tools-for-stm32.9-2020-q2-update.win32_2.0.0.202105311346/tools/bin/../lib/gcc/arm-none-eabi/9.3.1/../../../../arm-none-eabi/lib/thumb/v7e-m+fp/hard\libc_nano.a(lib_a-sbrkr.o)
                0x0000000008009298                _sbrk_r
 .text.__retarget_lock_acquire_recursive
                0x00000000080092b8        0x2 c:/stm32/stm32cubeide_1.8.0/stm32cubeide/plugins/com.st.stm32cube.ide.mcu.externaltools.gnu-tools-for-stm32.9-2020-q2-update.win32_2.0.0.202105311346/tools/bin/../lib/gcc/arm-none-eabi/9.3.1/../../../../arm-none-eabi/lib/thumb/v7e-m+fp/hard\libc_nano.a(lib_a-lock.o)
                0x00000000080092b8                __retarget_lock_acquire_recursive
 .text.__retarget_lock_release_recursive
                0x00000000080092ba        0x2 c:/stm32/stm32cubeide_1.8.0/stm32cubeide/plugins/com.st.stm32cube.ide.mcu.externaltools.gnu-tools-for-stm32.9-2020-q2-update.win32_2.0.0.202105311346/tools/bin/../lib/gcc/arm-none-eabi/9.3.1/../../../../arm-none-eabi/lib/thumb/v7e-m+fp/hard\libc_nano.a(lib_a-lock.o)
                0x00000000080092ba                __retarget_lock_release_recursive
 .text.memcpy   0x00000000080092bc       0x1c c:/stm32/stm32cubeide_1.8.0/stm32cubeide/plugins/com.st.stm32cube.ide.mcu.externaltools.gnu-tools-for-stm32.9-2020-q2-update.win32_2.0.0.202105311346/tools/bin/../lib/gcc/arm-none-eabi/9.3.1/../../../../arm-none-eabi/lib/thumb/v7e-m+fp/hard\libc_nano.a(lib_a-memcpy-stub.o)
                0x00000000080092bc                memcpy
 .text.memmove  0x00000000080092d8       0x34 c:/stm32/stm32cubeide_1.8.0/stm32cubeide/plugins/com.st.stm32cube.ide.mcu.externaltools.gnu-tools-for-stm32.9-2020-q2-update.win32_2.0.0.202105311346/tools/bin/../lib/gcc/arm-none-eabi/9.3.1/../../../../arm-none-eabi/lib/thumb/v7e-m+fp/hard\libc_nano.a(lib_a-memmove.o)
                0x00000000080092d8                memmove
 .text.__malloc_lock
                0x000000000800930c        0xc c:/stm32/stm32cubeide_1.8.0/stm32cubeide/plugins/com.st.stm32cube.ide.mcu.externaltools.gnu-tools-for-stm32.9-2020-q2-update.win32_2.0.0.202105311346/tools/bin/../lib/gcc/arm-none-eabi/9.3.1/../../../../arm-none-eabi/lib/thumb/v7e-m+fp/hard\libc_nano.a(lib_a-mlock.o)
                0x000000000800930c                __malloc_lock
 .text.__malloc_unlock
                0x0000000008009318        0xc c:/stm32/stm32cubeide_1.8.0/stm32cubeide/plugins/com.st.stm32cube.ide.mcu.externaltools.gnu-tools-for-stm32.9-2020-q2-update.win32_2.0.0.202105311346/tools/bin/../lib/gcc/arm-none-eabi/9.3.1/../../../../arm-none-eabi/lib/thumb/v7e-m+fp/hard\libc_nano.a(lib_a-mlock.o)
                0x0000000008009318                __malloc_unlock
 .text._realloc_r
                0x0000000008009324       0x4c c:/stm32/stm32cubeide_1.8.0/stm32cubeide/plugins/com.st.stm32cube.ide.mcu.externaltools.gnu-tools-for-stm32.9-2020-q2-update.win32_2.0.0.202105311346/tools/bin/../lib/gcc/arm-none-eabi/9.3.1/../../../../arm-none-eabi/lib/thumb/v7e-m+fp/hard\libc_nano.a(lib_a-nano-reallocr.o)
                0x0000000008009324                _realloc_r
 .text._malloc_usable_size_r
                0x0000000008009370       0x10 c:/stm32/stm32cubeide_1.8.0/stm32cubeide/plugins/com.st.stm32cube.ide.mcu.externaltools.gnu-tools-for-stm32.9-2020-q2-update.win32_2.0.0.202105311346/tools/bin/../lib/gcc/arm-none-eabi/9.3.1/../../../../arm-none-eabi/lib/thumb/v7e-m+fp/hard\libc_nano.a(lib_a-nano-msizer.o)
                0x0000000008009370                _malloc_usable_size_r
 *(.glue_7)
 .glue_7        0x0000000008009380        0x0 linker stubs
 *(.glue_7t)
 .glue_7t       0x0000000008009380        0x0 linker stubs
 *(.eh_frame)
 .eh_frame      0x0000000008009380        0x0 c:/stm32/stm32cubeide_1.8.0/stm32cubeide/plugins/com.st.stm32cube.ide.mcu.externaltools.gnu-tools-for-stm32.9-2020-q2-update.win32_2.0.0.202105311346/tools/bin/../lib/gcc/arm-none-eabi/9.3.1/thumb/v7e-m+fp/hard/crtbegin.o
 *(.init)
 .init          0x0000000008009380        0x4 c:/stm32/stm32cubeide_1.8.0/stm32cubeide/plugins/com.st.stm32cube.ide.mcu.externaltools.gnu-tools-for-stm32.9-2020-q2-update.win32_2.0.0.202105311346/tools/bin/../lib/gcc/arm-none-eabi/9.3.1/thumb/v7e-m+fp/hard/crti.o
                0x0000000008009380                _init
 .init          0x0000000008009384        0x8 c:/stm32/stm32cubeide_1.8.0/stm32cubeide/plugins/com.st.stm32cube.ide.mcu.externaltools.gnu-tools-for-stm32.9-2020-q2-update.win32_2.0.0.202105311346/tools/bin/../lib/gcc/arm-none-eabi/9.3.1/thumb/v7e-m+fp/hard/crtn.o
 *(.fini)
 .fini          0x000000000800938c        0x4 c:/stm32/stm32cubeide_1.8.0/stm32cubeide/plugins/com.st.stm32cube.ide.mcu.externaltools.gnu-tools-for-stm32.9-2020-q2-update.win32_2.0.0.202105311346/tools/bin/../lib/gcc/arm-none-eabi/9.3.1/thumb/v7e-m+fp/hard/crti.o
                0x000000000800938c                _fini
 .fini          0x0000000008009390        0x8 c:/stm32/stm32cubeide_1.8.0/stm32cubeide/plugins/com.st.stm32cube.ide.mcu.externaltools.gnu-tools-for-stm32.9-2020-q2-update.win32_2.0.0.202105311346/tools/bin/../lib/gcc/arm-none-eabi/9.3.1/thumb/v7e-m+fp/hard/crtn.o
                0x0000000008009398                . = ALIGN (0x4)
                0x0000000008009398                _etext = .

.vfp11_veneer   0x0000000008009398        0x0
 .vfp11_veneer  0x0000000008009398        0x0 linker stubs

.v4_bx          0x0000000008009398        0x0
 .v4_bx         0x0000000008009398        0x0 linker stubs

.iplt           0x0000000008009398        0x0
 .iplt          0x0000000008009398        0x0 c:/stm32/stm32cubeide_1.8.0/stm32cubeide/plugins/com.st.stm32cube.ide.mcu.externaltools.gnu-tools-for-stm32.9-2020-q2-update.win32_2.0.0.202105311346/tools/bin/../lib/gcc/arm-none-eabi/9.3.1/thumb/v7e-m+fp/hard/crtbegin.o

.rodata         0x0000000008009398      0x974
                0x0000000008009398                . = ALIGN (0x4)
 *(.rodata)
 .rodata        0x0000000008009398       0x87 ./Core/Src/fileBrowser.o
 *fill*         0x000000000800941f        0x1 
 .rodata        0x0000000008009420      0x131 ./Core/Src/main.o
 *fill*         0x0000000008009551        0x3 
 .rodata        0x0000000008009554       0xf8 ./Core/Src/passiveSerial.o
 .rodata        0x000000000800964c       0x24 ./Core/Src/readKey.o
 .rodata        0x0000000008009670      0x108 ./Core/Src/sdCard.o
 .rodata        0x0000000008009778       0x55 ./FATFS/Target/user_diskio_spi.o
 *fill*         0x00000000080097cd        0x3 
 .rodata        0x00000000080097d0       0x48 ./Middlewares/Third_Party/FatFs/src/ff.o
 *(.rodata*)
 .rodata.AHBPrescTable
                0x0000000008009818       0x10 ./Core/Src/system_stm32f4xx.o
                0x0000000008009818                AHBPrescTable
 .rodata.APBPrescTable
                0x0000000008009828        0x8 ./Core/Src/system_stm32f4xx.o
                0x0000000008009828                APBPrescTable
 .rodata.flagBitshiftOffset.7735
                0x0000000008009830        0x8 ./Drivers/STM32F4xx_HAL_Driver/Src/stm32f4xx_hal_dma.o
 .rodata.ExCvt  0x0000000008009838       0x80 ./Middlewares/Third_Party/FatFs/src/ff.o
 .rodata.LfnOfs
                0x00000000080098b8        0xd ./Middlewares/Third_Party/FatFs/src/ff.o
 *fill*         0x00000000080098c5        0x3 
 .rodata.Tbl    0x00000000080098c8      0x100 ./Middlewares/Third_Party/FatFs/src/option/ccsbcs.o
 .rodata.cvt1.9501
                0x00000000080099c8      0x1f2 ./Middlewares/Third_Party/FatFs/src/option/ccsbcs.o
 *fill*         0x0000000008009bba        0x2 
 .rodata.cvt2.9502
                0x0000000008009bbc       0xbc ./Middlewares/Third_Party/FatFs/src/option/ccsbcs.o
 .rodata._svfprintf_r.str1.1
                0x0000000008009c78       0x11 c:/stm32/stm32cubeide_1.8.0/stm32cubeide/plugins/com.st.stm32cube.ide.mcu.externaltools.gnu-tools-for-stm32.9-2020-q2-update.win32_2.0.0.202105311346/tools/bin/../lib/gcc/arm-none-eabi/9.3.1/../../../../arm-none-eabi/lib/thumb/v7e-m+fp/hard\libc_nano.a(lib_a-nano-svfprintf.o)
 .rodata._printf_i.str1.1
                0x0000000008009c89       0x22 c:/stm32/stm32cubeide_1.8.0/stm32cubeide/plugins/com.st.stm32cube.ide.mcu.externaltools.gnu-tools-for-stm32.9-2020-q2-update.win32_2.0.0.202105311346/tools/bin/../lib/gcc/arm-none-eabi/9.3.1/../../../../arm-none-eabi/lib/thumb/v7e-m+fp/hard\libc_nano.a(lib_a-nano-vfprintf_i.o)
 *fill*         0x0000000008009cab        0x1 
 .rodata.__sf_fake_stderr
                0x0000000008009cac       0x20 c:/stm32/stm32cubeide_1.8.0/stm32cubeide/plugins/com.st.stm32cube.ide.mcu.externaltools.gnu-tools-for-stm32.9-2020-q2-update.win32_2.0.0.202105311346/tools/bin/../lib/gcc/arm-none-eabi/9.3.1/../../../../arm-none-eabi/lib/thumb/v7e-m+fp/hard\libc_nano.a(lib_a-findfp.o)
                0x0000000008009cac                __sf_fake_stderr
 .rodata.__sf_fake_stdin
                0x0000000008009ccc       0x20 c:/stm32/stm32cubeide_1.8.0/stm32cubeide/plugins/com.st.stm32cube.ide.mcu.externaltools.gnu-tools-for-stm32.9-2020-q2-update.win32_2.0.0.202105311346/tools/bin/../lib/gcc/arm-none-eabi/9.3.1/../../../../arm-none-eabi/lib/thumb/v7e-m+fp/hard\libc_nano.a(lib_a-findfp.o)
                0x0000000008009ccc                __sf_fake_stdin
 .rodata.__sf_fake_stdout
                0x0000000008009cec       0x20 c:/stm32/stm32cubeide_1.8.0/stm32cubeide/plugins/com.st.stm32cube.ide.mcu.externaltools.gnu-tools-for-stm32.9-2020-q2-update.win32_2.0.0.202105311346/tools/bin/../lib/gcc/arm-none-eabi/9.3.1/../../../../arm-none-eabi/lib/thumb/v7e-m+fp/hard\libc_nano.a(lib_a-findfp.o)
                0x0000000008009cec                __sf_fake_stdout
                0x0000000008009d0c                . = ALIGN (0x4)

.ARM.extab      0x0000000008009d0c        0x0
                0x0000000008009d0c                . = ALIGN (0x4)
 *(.ARM.extab* .gnu.linkonce.armextab.*)
                0x0000000008009d0c                . = ALIGN (0x4)

.ARM            0x0000000008009d0c        0x8
                0x0000000008009d0c                . = ALIGN (0x4)
                0x0000000008009d0c                __exidx_start = .
 *(.ARM.exidx*)
 .ARM.exidx     0x0000000008009d0c        0x8 c:/stm32/stm32cubeide_1.8.0/stm32cubeide/plugins/com.st.stm32cube.ide.mcu.externaltools.gnu-tools-for-stm32.9-2020-q2-update.win32_2.0.0.202105311346/tools/bin/../lib/gcc/arm-none-eabi/9.3.1/thumb/v7e-m+fp/hard\libgcc.a(_udivmoddi4.o)
                0x0000000008009d14                __exidx_end = .
                0x0000000008009d14                . = ALIGN (0x4)

.rel.dyn        0x0000000008009d14        0x0
 .rel.iplt      0x0000000008009d14        0x0 c:/stm32/stm32cubeide_1.8.0/stm32cubeide/plugins/com.st.stm32cube.ide.mcu.externaltools.gnu-tools-for-stm32.9-2020-q2-update.win32_2.0.0.202105311346/tools/bin/../lib/gcc/arm-none-eabi/9.3.1/thumb/v7e-m+fp/hard/crtbegin.o

.preinit_array  0x0000000008009d14        0x0
                0x0000000008009d14                . = ALIGN (0x4)
                0x0000000008009d14                PROVIDE (__preinit_array_start = .)
 *(.preinit_array*)
                0x0000000008009d14                PROVIDE (__preinit_array_end = .)
                0x0000000008009d14                . = ALIGN (0x4)

.init_array     0x0000000008009d14        0x4
                0x0000000008009d14                . = ALIGN (0x4)
                0x0000000008009d14                PROVIDE (__init_array_start = .)
 *(SORT_BY_NAME(.init_array.*))
 *(.init_array*)
 .init_array    0x0000000008009d14        0x4 c:/stm32/stm32cubeide_1.8.0/stm32cubeide/plugins/com.st.stm32cube.ide.mcu.externaltools.gnu-tools-for-stm32.9-2020-q2-update.win32_2.0.0.202105311346/tools/bin/../lib/gcc/arm-none-eabi/9.3.1/thumb/v7e-m+fp/hard/crtbegin.o
                0x0000000008009d18                PROVIDE (__init_array_end = .)
                0x0000000008009d18                . = ALIGN (0x4)

.fini_array     0x0000000008009d18        0x4
                0x0000000008009d18                . = ALIGN (0x4)
                [!provide]                        PROVIDE (__fini_array_start = .)
 *(SORT_BY_NAME(.fini_array.*))
 *(.fini_array*)
 .fini_array    0x0000000008009d18        0x4 c:/stm32/stm32cubeide_1.8.0/stm32cubeide/plugins/com.st.stm32cube.ide.mcu.externaltools.gnu-tools-for-stm32.9-2020-q2-update.win32_2.0.0.202105311346/tools/bin/../lib/gcc/arm-none-eabi/9.3.1/thumb/v7e-m+fp/hard/crtbegin.o
                [!provide]                        PROVIDE (__fini_array_end = .)
                0x0000000008009d1c                . = ALIGN (0x4)
                0x0000000008009d1c                _sidata = LOADADDR (.data)

.data           0x0000000020000000      0x48c load address 0x0000000008009d1c
                0x0000000020000000                . = ALIGN (0x4)
                0x0000000020000000                _sdata = .
 *(.data)
 *(.data*)
 .data.charfont
                0x0000000020000000      0x400 ./Core/Src/osd.o
                0x0000000020000000                charfont
 .data.last_keyboard_data.8904
                0x0000000020000400        0x4 ./Core/Src/readKey.o
 .data.SystemCoreClock
                0x0000000020000404        0x4 ./Core/Src/system_stm32f4xx.o
                0x0000000020000404                SystemCoreClock
 .data.uwTickPrio
                0x0000000020000408        0x4 ./Drivers/STM32F4xx_HAL_Driver/Src/stm32f4xx_hal.o
                0x0000000020000408                uwTickPrio
 .data.uwTickFreq
                0x000000002000040c        0x1 ./Drivers/STM32F4xx_HAL_Driver/Src/stm32f4xx_hal.o
                0x000000002000040c                uwTickFreq
 *fill*         0x000000002000040d        0x3 
 .data.USER_Driver
                0x0000000020000410       0x14 ./FATFS/Target/user_diskio.o
                0x0000000020000410                USER_Driver
 .data.Stat     0x0000000020000424        0x1 ./FATFS/Target/user_diskio_spi.o
 *fill*         0x0000000020000425        0x3 
 .data._impure_ptr
                0x0000000020000428        0x4 c:/stm32/stm32cubeide_1.8.0/stm32cubeide/plugins/com.st.stm32cube.ide.mcu.externaltools.gnu-tools-for-stm32.9-2020-q2-update.win32_2.0.0.202105311346/tools/bin/../lib/gcc/arm-none-eabi/9.3.1/../../../../arm-none-eabi/lib/thumb/v7e-m+fp/hard\libc_nano.a(lib_a-impure.o)
                0x0000000020000428                _impure_ptr
 .data.impure_data
                0x000000002000042c       0x60 c:/stm32/stm32cubeide_1.8.0/stm32cubeide/plugins/com.st.stm32cube.ide.mcu.externaltools.gnu-tools-for-stm32.9-2020-q2-update.win32_2.0.0.202105311346/tools/bin/../lib/gcc/arm-none-eabi/9.3.1/../../../../arm-none-eabi/lib/thumb/v7e-m+fp/hard\libc_nano.a(lib_a-impure.o)
 *(.RamFunc)
 *(.RamFunc*)
                0x000000002000048c                . = ALIGN (0x4)
                0x000000002000048c                _edata = .

.igot.plt       0x000000002000048c        0x0 load address 0x000000000800a1a8
 .igot.plt      0x000000002000048c        0x0 c:/stm32/stm32cubeide_1.8.0/stm32cubeide/plugins/com.st.stm32cube.ide.mcu.externaltools.gnu-tools-for-stm32.9-2020-q2-update.win32_2.0.0.202105311346/tools/bin/../lib/gcc/arm-none-eabi/9.3.1/thumb/v7e-m+fp/hard/crtbegin.o
                0x000000002000048c                . = ALIGN (0x4)

.bss            0x000000002000048c     0x31c0 load address 0x000000000800a1a8
                0x000000002000048c                _sbss = .
                0x000000002000048c                __bss_start__ = _sbss
 *(.bss)
 .bss           0x000000002000048c       0x1c c:/stm32/stm32cubeide_1.8.0/stm32cubeide/plugins/com.st.stm32cube.ide.mcu.externaltools.gnu-tools-for-stm32.9-2020-q2-update.win32_2.0.0.202105311346/tools/bin/../lib/gcc/arm-none-eabi/9.3.1/thumb/v7e-m+fp/hard/crtbegin.o
 *(.bss*)
 .bss.buffer    0x00000000200004a8      0x200 ./Core/Src/main.o
 .bss.image_filename
                0x00000000200006a8       0x80 ./Core/Src/main.o
                0x00000000200006a8                image_filename
 .bss.load_data
                0x0000000020000728       0x80 ./Core/Src/main.o
                0x0000000020000728                load_data
 .bss.currentLine
                0x00000000200007a8        0x4 ./Core/Src/main.o
                0x00000000200007a8                currentLine
 .bss.state.8905
                0x00000000200007ac        0x4 ./Core/Src/readKey.o
 .bss.timing.8906
                0x00000000200007b0        0x4 ./Core/Src/readKey.o
 .bss.fileInfo.9693
                0x00000000200007b4      0x118 ./Core/Src/sdCard.o
 .bss.__sbrk_heap_end
                0x00000000200008cc        0x4 ./Core/Src/sysmem.o
 .bss.CardType  0x00000000200008d0        0x1 ./FATFS/Target/user_diskio_spi.o
 *fill*         0x00000000200008d1        0x3 
 .bss.FatFs     0x00000000200008d4        0x4 ./Middlewares/Third_Party/FatFs/src/ff.o
 .bss.Fsid      0x00000000200008d8        0x2 ./Middlewares/Third_Party/FatFs/src/ff.o
 *fill*         0x00000000200008da        0x2 
 .bss.Files     0x00000000200008dc       0x20 ./Middlewares/Third_Party/FatFs/src/ff.o
 .bss.LfnBuf    0x00000000200008fc      0x200 ./Middlewares/Third_Party/FatFs/src/ff.o
 .bss.disk      0x0000000020000afc        0xc ./Middlewares/Third_Party/FatFs/src/ff_gen_drv.o
                0x0000000020000afc                disk
 .bss.__malloc_free_list
                0x0000000020000b08        0x4 c:/stm32/stm32cubeide_1.8.0/stm32cubeide/plugins/com.st.stm32cube.ide.mcu.externaltools.gnu-tools-for-stm32.9-2020-q2-update.win32_2.0.0.202105311346/tools/bin/../lib/gcc/arm-none-eabi/9.3.1/../../../../arm-none-eabi/lib/thumb/v7e-m+fp/hard\libc_nano.a(lib_a-nano-mallocr.o)
                0x0000000020000b08                __malloc_free_list
 .bss.__malloc_sbrk_start
                0x0000000020000b0c        0x4 c:/stm32/stm32cubeide_1.8.0/stm32cubeide/plugins/com.st.stm32cube.ide.mcu.externaltools.gnu-tools-for-stm32.9-2020-q2-update.win32_2.0.0.202105311346/tools/bin/../lib/gcc/arm-none-eabi/9.3.1/../../../../arm-none-eabi/lib/thumb/v7e-m+fp/hard\libc_nano.a(lib_a-nano-mallocr.o)
                0x0000000020000b0c                __malloc_sbrk_start
 *(COMMON)
 COMMON         0x0000000020000b10     0x26fd ./Core/Src/main.o
                0x0000000020000b10                fs
                0x0000000020000d44                core_name
                0x0000000020000d84                selectFileName
                0x0000000020000e84                dbgstr
                0x0000000020000f84                myFileList
                0x0000000020001104                event
                0x0000000020001108                currentPath
                0x0000000020001208                key
                0x0000000020001209                last_ret
                0x000000002000120a                ret
                0x000000002000120c                tableName
                0x000000002000320c                cmd
 *fill*         0x000000002000320d        0x3 
 COMMON         0x0000000020003210      0x170 ./Core/Src/spi.o
                0x0000000020003210                hspi2
                0x0000000020003268                hspi1
                0x00000000200032c0                hdma_spi1_rx
                0x0000000020003320                hdma_spi1_tx
 COMMON         0x0000000020003380       0x44 ./Core/Src/usart.o
                0x0000000020003380                huart1
 COMMON         0x00000000200033c4        0x4 ./Drivers/STM32F4xx_HAL_Driver/Src/stm32f4xx_hal.o
                0x00000000200033c4                uwTick
 COMMON         0x00000000200033c8      0x26c ./FATFS/App/fatfs.o
                0x00000000200033c8                USERPath
                0x00000000200033cc                retUSER
                0x00000000200033d0                USERFile
                0x0000000020003400                USERFatFS
 COMMON         0x0000000020003634        0x8 ./FATFS/Target/user_diskio_spi.o
                0x0000000020003634                spiTimerTickStart
                0x0000000020003638                spiTimerTickDelay
 COMMON         0x000000002000363c        0x9 c:/stm32/stm32cubeide_1.8.0/stm32cubeide/plugins/com.st.stm32cube.ide.mcu.externaltools.gnu-tools-for-stm32.9-2020-q2-update.win32_2.0.0.202105311346/tools/bin/../lib/gcc/arm-none-eabi/9.3.1/../../../../arm-none-eabi/lib/thumb/v7e-m+fp/hard\libc_nano.a(lib_a-lock.o)
                0x000000002000363c                __lock___atexit_recursive_mutex
                0x000000002000363d                __lock___arc4random_mutex
                0x000000002000363e                __lock___env_recursive_mutex
                0x000000002000363f                __lock___sinit_recursive_mutex
                0x0000000020003640                __lock___malloc_recursive_mutex
                0x0000000020003641                __lock___at_quick_exit_mutex
                0x0000000020003642                __lock___dd_hash_mutex
                0x0000000020003643                __lock___tz_mutex
                0x0000000020003644                __lock___sfp_recursive_mutex
 *fill*         0x0000000020003645        0x3 
 COMMON         0x0000000020003648        0x4 c:/stm32/stm32cubeide_1.8.0/stm32cubeide/plugins/com.st.stm32cube.ide.mcu.externaltools.gnu-tools-for-stm32.9-2020-q2-update.win32_2.0.0.202105311346/tools/bin/../lib/gcc/arm-none-eabi/9.3.1/../../../../arm-none-eabi/lib/thumb/v7e-m+fp/hard\libc_nano.a(lib_a-reent.o)
                0x0000000020003648                errno
                0x000000002000364c                . = ALIGN (0x4)
                0x000000002000364c                _ebss = .
                0x000000002000364c                __bss_end__ = _ebss

._user_heap_stack
                0x000000002000364c     0x2004 load address 0x000000000800a1a8
                0x0000000020003650                . = ALIGN (0x8)
 *fill*         0x000000002000364c        0x4 
                [!provide]                        PROVIDE (end = .)
                0x0000000020003650                PROVIDE (_end = .)
                0x0000000020004650                . = (. + _Min_Heap_Size)
 *fill*         0x0000000020003650     0x1000 
                0x0000000020005650                . = (. + _Min_Stack_Size)
 *fill*         0x0000000020004650     0x1000 
                0x0000000020005650                . = ALIGN (0x8)

/DISCARD/
 libc.a(*)
 libm.a(*)
 libgcc.a(*)

.ARM.attributes
                0x0000000000000000       0x30
 *(.ARM.attributes)
 .ARM.attributes
                0x0000000000000000       0x1e c:/stm32/stm32cubeide_1.8.0/stm32cubeide/plugins/com.st.stm32cube.ide.mcu.externaltools.gnu-tools-for-stm32.9-2020-q2-update.win32_2.0.0.202105311346/tools/bin/../lib/gcc/arm-none-eabi/9.3.1/thumb/v7e-m+fp/hard/crti.o
 .ARM.attributes
                0x000000000000001e       0x34 c:/stm32/stm32cubeide_1.8.0/stm32cubeide/plugins/com.st.stm32cube.ide.mcu.externaltools.gnu-tools-for-stm32.9-2020-q2-update.win32_2.0.0.202105311346/tools/bin/../lib/gcc/arm-none-eabi/9.3.1/thumb/v7e-m+fp/hard/crtbegin.o
 .ARM.attributes
                0x0000000000000052       0x34 ./Core/Src/dma.o
 .ARM.attributes
                0x0000000000000086       0x34 ./Core/Src/fileBrowser.o
 .ARM.attributes
                0x00000000000000ba       0x34 ./Core/Src/gpio.o
 .ARM.attributes
                0x00000000000000ee       0x34 ./Core/Src/main.o
 .ARM.attributes
                0x0000000000000122       0x34 ./Core/Src/osd.o
 .ARM.attributes
                0x0000000000000156       0x34 ./Core/Src/passiveSerial.o
 .ARM.attributes
                0x000000000000018a       0x34 ./Core/Src/readKey.o
 .ARM.attributes
                0x00000000000001be       0x34 ./Core/Src/sdCard.o
 .ARM.attributes
                0x00000000000001f2       0x34 ./Core/Src/spi.o
 .ARM.attributes
                0x0000000000000226       0x34 ./Core/Src/stm32f4xx_hal_msp.o
 .ARM.attributes
                0x000000000000025a       0x34 ./Core/Src/stm32f4xx_it.o
 .ARM.attributes
                0x000000000000028e       0x34 ./Core/Src/sysmem.o
 .ARM.attributes
                0x00000000000002c2       0x34 ./Core/Src/system_stm32f4xx.o
 .ARM.attributes
                0x00000000000002f6       0x34 ./Core/Src/usart.o
 .ARM.attributes
                0x000000000000032a       0x21 ./Core/Startup/startup_stm32f401ccux.o
 .ARM.attributes
                0x000000000000034b       0x34 ./Drivers/STM32F4xx_HAL_Driver/Src/stm32f4xx_hal.o
 .ARM.attributes
                0x000000000000037f       0x34 ./Drivers/STM32F4xx_HAL_Driver/Src/stm32f4xx_hal_cortex.o
 .ARM.attributes
                0x00000000000003b3       0x34 ./Drivers/STM32F4xx_HAL_Driver/Src/stm32f4xx_hal_dma.o
 .ARM.attributes
                0x00000000000003e7       0x34 ./Drivers/STM32F4xx_HAL_Driver/Src/stm32f4xx_hal_gpio.o
 .ARM.attributes
                0x000000000000041b       0x34 ./Drivers/STM32F4xx_HAL_Driver/Src/stm32f4xx_hal_rcc.o
 .ARM.attributes
                0x000000000000044f       0x34 ./Drivers/STM32F4xx_HAL_Driver/Src/stm32f4xx_hal_spi.o
 .ARM.attributes
                0x0000000000000483       0x34 ./Drivers/STM32F4xx_HAL_Driver/Src/stm32f4xx_hal_uart.o
 .ARM.attributes
                0x00000000000004b7       0x34 ./FATFS/App/fatfs.o
 .ARM.attributes
                0x00000000000004eb       0x34 ./FATFS/Target/user_diskio.o
 .ARM.attributes
                0x000000000000051f       0x34 ./FATFS/Target/user_diskio_spi.o
 .ARM.attributes
                0x0000000000000553       0x34 ./Middlewares/Third_Party/FatFs/src/diskio.o
 .ARM.attributes
                0x0000000000000587       0x34 ./Middlewares/Third_Party/FatFs/src/ff.o
 .ARM.attributes
                0x00000000000005bb       0x34 ./Middlewares/Third_Party/FatFs/src/ff_gen_drv.o
 .ARM.attributes
                0x00000000000005ef       0x34 ./Middlewares/Third_Party/FatFs/src/option/ccsbcs.o
 .ARM.attributes
                0x0000000000000623       0x34 c:/stm32/stm32cubeide_1.8.0/stm32cubeide/plugins/com.st.stm32cube.ide.mcu.externaltools.gnu-tools-for-stm32.9-2020-q2-update.win32_2.0.0.202105311346/tools/bin/../lib/gcc/arm-none-eabi/9.3.1/../../../../arm-none-eabi/lib/thumb/v7e-m+fp/hard\libc_nano.a(lib_a-errno.o)
 .ARM.attributes
                0x0000000000000657       0x32 c:/stm32/stm32cubeide_1.8.0/stm32cubeide/plugins/com.st.stm32cube.ide.mcu.externaltools.gnu-tools-for-stm32.9-2020-q2-update.win32_2.0.0.202105311346/tools/bin/../lib/gcc/arm-none-eabi/9.3.1/../../../../arm-none-eabi/lib/thumb/v7e-m+fp/hard\libc_nano.a(lib_a-impure.o)
 .ARM.attributes
                0x0000000000000689       0x34 c:/stm32/stm32cubeide_1.8.0/stm32cubeide/plugins/com.st.stm32cube.ide.mcu.externaltools.gnu-tools-for-stm32.9-2020-q2-update.win32_2.0.0.202105311346/tools/bin/../lib/gcc/arm-none-eabi/9.3.1/../../../../arm-none-eabi/lib/thumb/v7e-m+fp/hard\libc_nano.a(lib_a-init.o)
 .ARM.attributes
                0x00000000000006bd       0x34 c:/stm32/stm32cubeide_1.8.0/stm32cubeide/plugins/com.st.stm32cube.ide.mcu.externaltools.gnu-tools-for-stm32.9-2020-q2-update.win32_2.0.0.202105311346/tools/bin/../lib/gcc/arm-none-eabi/9.3.1/../../../../arm-none-eabi/lib/thumb/v7e-m+fp/hard\libc_nano.a(lib_a-memset.o)
 .ARM.attributes
                0x00000000000006f1       0x34 c:/stm32/stm32cubeide_1.8.0/stm32cubeide/plugins/com.st.stm32cube.ide.mcu.externaltools.gnu-tools-for-stm32.9-2020-q2-update.win32_2.0.0.202105311346/tools/bin/../lib/gcc/arm-none-eabi/9.3.1/../../../../arm-none-eabi/lib/thumb/v7e-m+fp/hard\libc_nano.a(lib_a-sprintf.o)
 .ARM.attributes
                0x0000000000000725       0x34 c:/stm32/stm32cubeide_1.8.0/stm32cubeide/plugins/com.st.stm32cube.ide.mcu.externaltools.gnu-tools-for-stm32.9-2020-q2-update.win32_2.0.0.202105311346/tools/bin/../lib/gcc/arm-none-eabi/9.3.1/../../../../arm-none-eabi/lib/thumb/v7e-m+fp/hard\libc_nano.a(lib_a-strcat.o)
 .ARM.attributes
                0x0000000000000759       0x17 c:/stm32/stm32cubeide_1.8.0/stm32cubeide/plugins/com.st.stm32cube.ide.mcu.externaltools.gnu-tools-for-stm32.9-2020-q2-update.win32_2.0.0.202105311346/tools/bin/../lib/gcc/arm-none-eabi/9.3.1/../../../../arm-none-eabi/lib/thumb/v7e-m+fp/hard\libc_nano.a(lib_a-strlen.o)
 .ARM.attributes
                0x0000000000000770       0x34 c:/stm32/stm32cubeide_1.8.0/stm32cubeide/plugins/com.st.stm32cube.ide.mcu.externaltools.gnu-tools-for-stm32.9-2020-q2-update.win32_2.0.0.202105311346/tools/bin/../lib/gcc/arm-none-eabi/9.3.1/../../../../arm-none-eabi/lib/thumb/v7e-m+fp/hard\libc_nano.a(lib_a-strncpy.o)
 .ARM.attributes
                0x00000000000007a4       0x34 c:/stm32/stm32cubeide_1.8.0/stm32cubeide/plugins/com.st.stm32cube.ide.mcu.externaltools.gnu-tools-for-stm32.9-2020-q2-update.win32_2.0.0.202105311346/tools/bin/../lib/gcc/arm-none-eabi/9.3.1/../../../../arm-none-eabi/lib/thumb/v7e-m+fp/hard\libc_nano.a(lib_a-strstr.o)
 .ARM.attributes
                0x00000000000007d8       0x34 c:/stm32/stm32cubeide_1.8.0/stm32cubeide/plugins/com.st.stm32cube.ide.mcu.externaltools.gnu-tools-for-stm32.9-2020-q2-update.win32_2.0.0.202105311346/tools/bin/../lib/gcc/arm-none-eabi/9.3.1/../../../../arm-none-eabi/lib/thumb/v7e-m+fp/hard\libc_nano.a(lib_a-vsnprintf.o)
 .ARM.attributes
                0x000000000000080c       0x34 c:/stm32/stm32cubeide_1.8.0/stm32cubeide/plugins/com.st.stm32cube.ide.mcu.externaltools.gnu-tools-for-stm32.9-2020-q2-update.win32_2.0.0.202105311346/tools/bin/../lib/gcc/arm-none-eabi/9.3.1/../../../../arm-none-eabi/lib/thumb/v7e-m+fp/hard\libc_nano.a(lib_a-nano-freer.o)
 .ARM.attributes
                0x0000000000000840       0x34 c:/stm32/stm32cubeide_1.8.0/stm32cubeide/plugins/com.st.stm32cube.ide.mcu.externaltools.gnu-tools-for-stm32.9-2020-q2-update.win32_2.0.0.202105311346/tools/bin/../lib/gcc/arm-none-eabi/9.3.1/../../../../arm-none-eabi/lib/thumb/v7e-m+fp/hard\libc_nano.a(lib_a-nano-mallocr.o)
 .ARM.attributes
                0x0000000000000874       0x34 c:/stm32/stm32cubeide_1.8.0/stm32cubeide/plugins/com.st.stm32cube.ide.mcu.externaltools.gnu-tools-for-stm32.9-2020-q2-update.win32_2.0.0.202105311346/tools/bin/../lib/gcc/arm-none-eabi/9.3.1/../../../../arm-none-eabi/lib/thumb/v7e-m+fp/hard\libc_nano.a(lib_a-nano-svfprintf.o)
 .ARM.attributes
                0x00000000000008a8       0x34 c:/stm32/stm32cubeide_1.8.0/stm32cubeide/plugins/com.st.stm32cube.ide.mcu.externaltools.gnu-tools-for-stm32.9-2020-q2-update.win32_2.0.0.202105311346/tools/bin/../lib/gcc/arm-none-eabi/9.3.1/../../../../arm-none-eabi/lib/thumb/v7e-m+fp/hard\libc_nano.a(lib_a-nano-vfprintf_i.o)
 .ARM.attributes
                0x00000000000008dc       0x34 c:/stm32/stm32cubeide_1.8.0/stm32cubeide/plugins/com.st.stm32cube.ide.mcu.externaltools.gnu-tools-for-stm32.9-2020-q2-update.win32_2.0.0.202105311346/tools/bin/../lib/gcc/arm-none-eabi/9.3.1/../../../../arm-none-eabi/lib/thumb/v7e-m+fp/hard\libc_nano.a(lib_a-sbrkr.o)
 .ARM.attributes
                0x0000000000000910       0x34 c:/stm32/stm32cubeide_1.8.0/stm32cubeide/plugins/com.st.stm32cube.ide.mcu.externaltools.gnu-tools-for-stm32.9-2020-q2-update.win32_2.0.0.202105311346/tools/bin/../lib/gcc/arm-none-eabi/9.3.1/../../../../arm-none-eabi/lib/thumb/v7e-m+fp/hard\libc_nano.a(lib_a-findfp.o)
 .ARM.attributes
                0x0000000000000944       0x34 c:/stm32/stm32cubeide_1.8.0/stm32cubeide/plugins/com.st.stm32cube.ide.mcu.externaltools.gnu-tools-for-stm32.9-2020-q2-update.win32_2.0.0.202105311346/tools/bin/../lib/gcc/arm-none-eabi/9.3.1/../../../../arm-none-eabi/lib/thumb/v7e-m+fp/hard\libc_nano.a(lib_a-lock.o)
 .ARM.attributes
                0x0000000000000978       0x1c c:/stm32/stm32cubeide_1.8.0/stm32cubeide/plugins/com.st.stm32cube.ide.mcu.externaltools.gnu-tools-for-stm32.9-2020-q2-update.win32_2.0.0.202105311346/tools/bin/../lib/gcc/arm-none-eabi/9.3.1/../../../../arm-none-eabi/lib/thumb/v7e-m+fp/hard\libc_nano.a(lib_a-memchr.o)
 .ARM.attributes
                0x0000000000000994       0x34 c:/stm32/stm32cubeide_1.8.0/stm32cubeide/plugins/com.st.stm32cube.ide.mcu.externaltools.gnu-tools-for-stm32.9-2020-q2-update.win32_2.0.0.202105311346/tools/bin/../lib/gcc/arm-none-eabi/9.3.1/../../../../arm-none-eabi/lib/thumb/v7e-m+fp/hard\libc_nano.a(lib_a-memcpy-stub.o)
 .ARM.attributes
                0x00000000000009c8       0x34 c:/stm32/stm32cubeide_1.8.0/stm32cubeide/plugins/com.st.stm32cube.ide.mcu.externaltools.gnu-tools-for-stm32.9-2020-q2-update.win32_2.0.0.202105311346/tools/bin/../lib/gcc/arm-none-eabi/9.3.1/../../../../arm-none-eabi/lib/thumb/v7e-m+fp/hard\libc_nano.a(lib_a-memmove.o)
 .ARM.attributes
                0x00000000000009fc       0x34 c:/stm32/stm32cubeide_1.8.0/stm32cubeide/plugins/com.st.stm32cube.ide.mcu.externaltools.gnu-tools-for-stm32.9-2020-q2-update.win32_2.0.0.202105311346/tools/bin/../lib/gcc/arm-none-eabi/9.3.1/../../../../arm-none-eabi/lib/thumb/v7e-m+fp/hard\libc_nano.a(lib_a-mlock.o)
 .ARM.attributes
                0x0000000000000a30       0x34 c:/stm32/stm32cubeide_1.8.0/stm32cubeide/plugins/com.st.stm32cube.ide.mcu.externaltools.gnu-tools-for-stm32.9-2020-q2-update.win32_2.0.0.202105311346/tools/bin/../lib/gcc/arm-none-eabi/9.3.1/../../../../arm-none-eabi/lib/thumb/v7e-m+fp/hard\libc_nano.a(lib_a-nano-reallocr.o)
 .ARM.attributes
                0x0000000000000a64       0x34 c:/stm32/stm32cubeide_1.8.0/stm32cubeide/plugins/com.st.stm32cube.ide.mcu.externaltools.gnu-tools-for-stm32.9-2020-q2-update.win32_2.0.0.202105311346/tools/bin/../lib/gcc/arm-none-eabi/9.3.1/../../../../arm-none-eabi/lib/thumb/v7e-m+fp/hard\libc_nano.a(lib_a-reent.o)
 .ARM.attributes
                0x0000000000000a98       0x34 c:/stm32/stm32cubeide_1.8.0/stm32cubeide/plugins/com.st.stm32cube.ide.mcu.externaltools.gnu-tools-for-stm32.9-2020-q2-update.win32_2.0.0.202105311346/tools/bin/../lib/gcc/arm-none-eabi/9.3.1/../../../../arm-none-eabi/lib/thumb/v7e-m+fp/hard\libc_nano.a(lib_a-nano-msizer.o)
 .ARM.attributes
                0x0000000000000acc       0x1e c:/stm32/stm32cubeide_1.8.0/stm32cubeide/plugins/com.st.stm32cube.ide.mcu.externaltools.gnu-tools-for-stm32.9-2020-q2-update.win32_2.0.0.202105311346/tools/bin/../lib/gcc/arm-none-eabi/9.3.1/thumb/v7e-m+fp/hard\libgcc.a(_aeabi_uldivmod.o)
 .ARM.attributes
                0x0000000000000aea       0x34 c:/stm32/stm32cubeide_1.8.0/stm32cubeide/plugins/com.st.stm32cube.ide.mcu.externaltools.gnu-tools-for-stm32.9-2020-q2-update.win32_2.0.0.202105311346/tools/bin/../lib/gcc/arm-none-eabi/9.3.1/thumb/v7e-m+fp/hard\libgcc.a(_udivmoddi4.o)
 .ARM.attributes
                0x0000000000000b1e       0x1e c:/stm32/stm32cubeide_1.8.0/stm32cubeide/plugins/com.st.stm32cube.ide.mcu.externaltools.gnu-tools-for-stm32.9-2020-q2-update.win32_2.0.0.202105311346/tools/bin/../lib/gcc/arm-none-eabi/9.3.1/thumb/v7e-m+fp/hard\libgcc.a(_dvmd_tls.o)
 .ARM.attributes
                0x0000000000000b3c       0x1e c:/stm32/stm32cubeide_1.8.0/stm32cubeide/plugins/com.st.stm32cube.ide.mcu.externaltools.gnu-tools-for-stm32.9-2020-q2-update.win32_2.0.0.202105311346/tools/bin/../lib/gcc/arm-none-eabi/9.3.1/thumb/v7e-m+fp/hard/crtn.o
OUTPUT(F401ps.elf elf32-littlearm)
LOAD linker stubs
LOAD c:/stm32/stm32cubeide_1.8.0/stm32cubeide/plugins/com.st.stm32cube.ide.mcu.externaltools.gnu-tools-for-stm32.9-2020-q2-update.win32_2.0.0.202105311346/tools/bin/../lib/gcc/arm-none-eabi/9.3.1/../../../../arm-none-eabi/lib/thumb/v7e-m+fp/hard\libc.a
LOAD c:/stm32/stm32cubeide_1.8.0/stm32cubeide/plugins/com.st.stm32cube.ide.mcu.externaltools.gnu-tools-for-stm32.9-2020-q2-update.win32_2.0.0.202105311346/tools/bin/../lib/gcc/arm-none-eabi/9.3.1/../../../../arm-none-eabi/lib/thumb/v7e-m+fp/hard\libm.a
LOAD c:/stm32/stm32cubeide_1.8.0/stm32cubeide/plugins/com.st.stm32cube.ide.mcu.externaltools.gnu-tools-for-stm32.9-2020-q2-update.win32_2.0.0.202105311346/tools/bin/../lib/gcc/arm-none-eabi/9.3.1/thumb/v7e-m+fp/hard\libgcc.a

.debug_info     0x0000000000000000    0x1eba0
 .debug_info    0x0000000000000000      0xdd4 ./Core/Src/dma.o
 .debug_info    0x0000000000000dd4      0xe2f ./Core/Src/fileBrowser.o
 .debug_info    0x0000000000001c03      0xde0 ./Core/Src/gpio.o
 .debug_info    0x00000000000029e3     0x1e3c ./Core/Src/main.o
 .debug_info    0x000000000000481f     0x14db ./Core/Src/osd.o
 .debug_info    0x0000000000005cfa     0x1082 ./Core/Src/passiveSerial.o
 .debug_info    0x0000000000006d7c     0x114e ./Core/Src/readKey.o
 .debug_info    0x0000000000007eca     0x12f9 ./Core/Src/sdCard.o
 .debug_info    0x00000000000091c3     0x1537 ./Core/Src/spi.o
 .debug_info    0x000000000000a6fa      0xc62 ./Core/Src/stm32f4xx_hal_msp.o
 .debug_info    0x000000000000b35c     0x1037 ./Core/Src/stm32f4xx_it.o
 .debug_info    0x000000000000c393      0xa25 ./Core/Src/sysmem.o
 .debug_info    0x000000000000cdb8      0x5d0 ./Core/Src/system_stm32f4xx.o
 .debug_info    0x000000000000d388     0x12c8 ./Core/Src/usart.o
 .debug_info    0x000000000000e650       0x22 ./Core/Startup/startup_stm32f401ccux.o
 .debug_info    0x000000000000e672      0x93d ./Drivers/STM32F4xx_HAL_Driver/Src/stm32f4xx_hal.o
 .debug_info    0x000000000000efaf      0xe41 ./Drivers/STM32F4xx_HAL_Driver/Src/stm32f4xx_hal_cortex.o
 .debug_info    0x000000000000fdf0      0x9e9 ./Drivers/STM32F4xx_HAL_Driver/Src/stm32f4xx_hal_dma.o
 .debug_info    0x00000000000107d9      0x862 ./Drivers/STM32F4xx_HAL_Driver/Src/stm32f4xx_hal_gpio.o
 .debug_info    0x000000000001103b      0x9bd ./Drivers/STM32F4xx_HAL_Driver/Src/stm32f4xx_hal_rcc.o
 .debug_info    0x00000000000119f8     0x17b8 ./Drivers/STM32F4xx_HAL_Driver/Src/stm32f4xx_hal_spi.o
 .debug_info    0x00000000000131b0     0x31d6 ./Drivers/STM32F4xx_HAL_Driver/Src/stm32f4xx_hal_uart.o
 .debug_info    0x0000000000016386      0xe75 ./FATFS/App/fatfs.o
 .debug_info    0x00000000000171fb      0xcea ./FATFS/Target/user_diskio.o
 .debug_info    0x0000000000017ee5     0x156e ./FATFS/Target/user_diskio_spi.o
 .debug_info    0x0000000000019453      0xda8 ./Middlewares/Third_Party/FatFs/src/diskio.o
 .debug_info    0x000000000001a1fb     0x30f6 ./Middlewares/Third_Party/FatFs/src/ff.o
 .debug_info    0x000000000001d2f1      0xd39 ./Middlewares/Third_Party/FatFs/src/ff_gen_drv.o
 .debug_info    0x000000000001e02a      0xb76 ./Middlewares/Third_Party/FatFs/src/option/ccsbcs.o

.debug_abbrev   0x0000000000000000     0x41d1
 .debug_abbrev  0x0000000000000000      0x1e9 ./Core/Src/dma.o
 .debug_abbrev  0x00000000000001e9      0x329 ./Core/Src/fileBrowser.o
 .debug_abbrev  0x0000000000000512      0x1eb ./Core/Src/gpio.o
 .debug_abbrev  0x00000000000006fd      0x35a ./Core/Src/main.o
 .debug_abbrev  0x0000000000000a57      0x316 ./Core/Src/osd.o
 .debug_abbrev  0x0000000000000d6d      0x23d ./Core/Src/passiveSerial.o
 .debug_abbrev  0x0000000000000faa      0x21e ./Core/Src/readKey.o
 .debug_abbrev  0x00000000000011c8      0x276 ./Core/Src/sdCard.o
 .debug_abbrev  0x000000000000143e      0x243 ./Core/Src/spi.o
 .debug_abbrev  0x0000000000001681      0x1eb ./Core/Src/stm32f4xx_hal_msp.o
 .debug_abbrev  0x000000000000186c      0x1e0 ./Core/Src/stm32f4xx_it.o
 .debug_abbrev  0x0000000000001a4c      0x1bf ./Core/Src/sysmem.o
 .debug_abbrev  0x0000000000001c0b      0x145 ./Core/Src/system_stm32f4xx.o
 .debug_abbrev  0x0000000000001d50      0x227 ./Core/Src/usart.o
 .debug_abbrev  0x0000000000001f77       0x12 ./Core/Startup/startup_stm32f401ccux.o
 .debug_abbrev  0x0000000000001f89      0x21e ./Drivers/STM32F4xx_HAL_Driver/Src/stm32f4xx_hal.o
 .debug_abbrev  0x00000000000021a7      0x33c ./Drivers/STM32F4xx_HAL_Driver/Src/stm32f4xx_hal_cortex.o
 .debug_abbrev  0x00000000000024e3      0x219 ./Drivers/STM32F4xx_HAL_Driver/Src/stm32f4xx_hal_dma.o
 .debug_abbrev  0x00000000000026fc      0x1f1 ./Drivers/STM32F4xx_HAL_Driver/Src/stm32f4xx_hal_gpio.o
 .debug_abbrev  0x00000000000028ed      0x275 ./Drivers/STM32F4xx_HAL_Driver/Src/stm32f4xx_hal_rcc.o
 .debug_abbrev  0x0000000000002b62      0x26e ./Drivers/STM32F4xx_HAL_Driver/Src/stm32f4xx_hal_spi.o
 .debug_abbrev  0x0000000000002dd0      0x2fc ./Drivers/STM32F4xx_HAL_Driver/Src/stm32f4xx_hal_uart.o
 .debug_abbrev  0x00000000000030cc      0x209 ./FATFS/App/fatfs.o
 .debug_abbrev  0x00000000000032d5      0x21d ./FATFS/Target/user_diskio.o
 .debug_abbrev  0x00000000000034f2      0x344 ./FATFS/Target/user_diskio_spi.o
 .debug_abbrev  0x0000000000003836      0x237 ./Middlewares/Third_Party/FatFs/src/diskio.o
 .debug_abbrev  0x0000000000003a6d      0x2e1 ./Middlewares/Third_Party/FatFs/src/ff.o
 .debug_abbrev  0x0000000000003d4e      0x268 ./Middlewares/Third_Party/FatFs/src/ff_gen_drv.o
 .debug_abbrev  0x0000000000003fb6      0x21b ./Middlewares/Third_Party/FatFs/src/option/ccsbcs.o

.debug_aranges  0x0000000000000000      0xea8
 .debug_aranges
                0x0000000000000000       0x20 ./Core/Src/dma.o
 .debug_aranges
                0x0000000000000020       0x68 ./Core/Src/fileBrowser.o
 .debug_aranges
                0x0000000000000088       0x20 ./Core/Src/gpio.o
 .debug_aranges
                0x00000000000000a8       0x58 ./Core/Src/main.o
 .debug_aranges
                0x0000000000000100       0x98 ./Core/Src/osd.o
 .debug_aranges
                0x0000000000000198       0x20 ./Core/Src/passiveSerial.o
 .debug_aranges
                0x00000000000001b8       0x28 ./Core/Src/readKey.o
 .debug_aranges
                0x00000000000001e0       0x30 ./Core/Src/sdCard.o
 .debug_aranges
                0x0000000000000210       0x38 ./Core/Src/spi.o
 .debug_aranges
                0x0000000000000248       0x20 ./Core/Src/stm32f4xx_hal_msp.o
 .debug_aranges
                0x0000000000000268       0x78 ./Core/Src/stm32f4xx_it.o
 .debug_aranges
                0x00000000000002e0       0x20 ./Core/Src/sysmem.o
 .debug_aranges
                0x0000000000000300       0x28 ./Core/Src/system_stm32f4xx.o
 .debug_aranges
                0x0000000000000328       0x30 ./Core/Src/usart.o
 .debug_aranges
                0x0000000000000358       0x28 ./Core/Startup/startup_stm32f401ccux.o
 .debug_aranges
                0x0000000000000380       0xf0 ./Drivers/STM32F4xx_HAL_Driver/Src/stm32f4xx_hal.o
 .debug_aranges
                0x0000000000000470      0x118 ./Drivers/STM32F4xx_HAL_Driver/Src/stm32f4xx_hal_cortex.o
 .debug_aranges
                0x0000000000000588       0x90 ./Drivers/STM32F4xx_HAL_Driver/Src/stm32f4xx_hal_dma.o
 .debug_aranges
                0x0000000000000618       0x58 ./Drivers/STM32F4xx_HAL_Driver/Src/stm32f4xx_hal_gpio.o
 .debug_aranges
                0x0000000000000670       0x88 ./Drivers/STM32F4xx_HAL_Driver/Src/stm32f4xx_hal_rcc.o
 .debug_aranges
                0x00000000000006f8      0x1d0 ./Drivers/STM32F4xx_HAL_Driver/Src/stm32f4xx_hal_spi.o
 .debug_aranges
                0x00000000000008c8      0x200 ./Drivers/STM32F4xx_HAL_Driver/Src/stm32f4xx_hal_uart.o
 .debug_aranges
                0x0000000000000ac8       0x28 ./FATFS/App/fatfs.o
 .debug_aranges
                0x0000000000000af0       0x40 ./FATFS/Target/user_diskio.o
 .debug_aranges
                0x0000000000000b30       0x98 ./FATFS/Target/user_diskio_spi.o
 .debug_aranges
                0x0000000000000bc8       0x48 ./Middlewares/Third_Party/FatFs/src/diskio.o
 .debug_aranges
                0x0000000000000c10      0x230 ./Middlewares/Third_Party/FatFs/src/ff.o
 .debug_aranges
                0x0000000000000e40       0x40 ./Middlewares/Third_Party/FatFs/src/ff_gen_drv.o
 .debug_aranges
                0x0000000000000e80       0x28 ./Middlewares/Third_Party/FatFs/src/option/ccsbcs.o

.debug_ranges   0x0000000000000000      0xd40
 .debug_ranges  0x0000000000000000       0x10 ./Core/Src/dma.o
 .debug_ranges  0x0000000000000010       0x70 ./Core/Src/fileBrowser.o
 .debug_ranges  0x0000000000000080       0x10 ./Core/Src/gpio.o
 .debug_ranges  0x0000000000000090       0x48 ./Core/Src/main.o
 .debug_ranges  0x00000000000000d8       0xa0 ./Core/Src/osd.o
 .debug_ranges  0x0000000000000178       0x10 ./Core/Src/passiveSerial.o
 .debug_ranges  0x0000000000000188       0x18 ./Core/Src/readKey.o
 .debug_ranges  0x00000000000001a0       0x20 ./Core/Src/sdCard.o
 .debug_ranges  0x00000000000001c0       0x28 ./Core/Src/spi.o
 .debug_ranges  0x00000000000001e8       0x10 ./Core/Src/stm32f4xx_hal_msp.o
 .debug_ranges  0x00000000000001f8       0x68 ./Core/Src/stm32f4xx_it.o
 .debug_ranges  0x0000000000000260       0x10 ./Core/Src/sysmem.o
 .debug_ranges  0x0000000000000270       0x18 ./Core/Src/system_stm32f4xx.o
 .debug_ranges  0x0000000000000288       0x20 ./Core/Src/usart.o
 .debug_ranges  0x00000000000002a8       0x20 ./Core/Startup/startup_stm32f401ccux.o
 .debug_ranges  0x00000000000002c8       0xe0 ./Drivers/STM32F4xx_HAL_Driver/Src/stm32f4xx_hal.o
 .debug_ranges  0x00000000000003a8      0x108 ./Drivers/STM32F4xx_HAL_Driver/Src/stm32f4xx_hal_cortex.o
 .debug_ranges  0x00000000000004b0       0x80 ./Drivers/STM32F4xx_HAL_Driver/Src/stm32f4xx_hal_dma.o
 .debug_ranges  0x0000000000000530       0x48 ./Drivers/STM32F4xx_HAL_Driver/Src/stm32f4xx_hal_gpio.o
 .debug_ranges  0x0000000000000578       0x78 ./Drivers/STM32F4xx_HAL_Driver/Src/stm32f4xx_hal_rcc.o
 .debug_ranges  0x00000000000005f0      0x1c0 ./Drivers/STM32F4xx_HAL_Driver/Src/stm32f4xx_hal_spi.o
 .debug_ranges  0x00000000000007b0      0x220 ./Drivers/STM32F4xx_HAL_Driver/Src/stm32f4xx_hal_uart.o
 .debug_ranges  0x00000000000009d0       0x18 ./FATFS/App/fatfs.o
 .debug_ranges  0x00000000000009e8       0x30 ./FATFS/Target/user_diskio.o
 .debug_ranges  0x0000000000000a18       0x88 ./FATFS/Target/user_diskio_spi.o
 .debug_ranges  0x0000000000000aa0       0x38 ./Middlewares/Third_Party/FatFs/src/diskio.o
 .debug_ranges  0x0000000000000ad8      0x220 ./Middlewares/Third_Party/FatFs/src/ff.o
 .debug_ranges  0x0000000000000cf8       0x30 ./Middlewares/Third_Party/FatFs/src/ff_gen_drv.o
 .debug_ranges  0x0000000000000d28       0x18 ./Middlewares/Third_Party/FatFs/src/option/ccsbcs.o

.debug_macro    0x0000000000000000    0x1aafc
 .debug_macro   0x0000000000000000      0x375 ./Core/Src/dma.o
 .debug_macro   0x0000000000000375      0xaa8 ./Core/Src/dma.o
 .debug_macro   0x0000000000000e1d      0x29b ./Core/Src/dma.o
 .debug_macro   0x00000000000010b8       0x2e ./Core/Src/dma.o
 .debug_macro   0x00000000000010e6       0x28 ./Core/Src/dma.o
 .debug_macro   0x000000000000110e       0x22 ./Core/Src/dma.o
 .debug_macro   0x0000000000001130       0x8e ./Core/Src/dma.o
 .debug_macro   0x00000000000011be       0x51 ./Core/Src/dma.o
 .debug_macro   0x000000000000120f      0x103 ./Core/Src/dma.o
 .debug_macro   0x0000000000001312       0x6a ./Core/Src/dma.o
 .debug_macro   0x000000000000137c      0x1df ./Core/Src/dma.o
 .debug_macro   0x000000000000155b       0x1c ./Core/Src/dma.o
 .debug_macro   0x0000000000001577       0x22 ./Core/Src/dma.o
 .debug_macro   0x0000000000001599       0xdf ./Core/Src/dma.o
 .debug_macro   0x0000000000001678     0x102d ./Core/Src/dma.o
 .debug_macro   0x00000000000026a5      0x11f ./Core/Src/dma.o
 .debug_macro   0x00000000000027c4     0xb86c ./Core/Src/dma.o
 .debug_macro   0x000000000000e030       0x6d ./Core/Src/dma.o
 .debug_macro   0x000000000000e09d     0x3666 ./Core/Src/dma.o
 .debug_macro   0x0000000000011703      0x174 ./Core/Src/dma.o
 .debug_macro   0x0000000000011877       0x5c ./Core/Src/dma.o
 .debug_macro   0x00000000000118d3      0x416 ./Core/Src/dma.o
 .debug_macro   0x0000000000011ce9      0x9fe ./Core/Src/dma.o
 .debug_macro   0x00000000000126e7      0x116 ./Core/Src/dma.o
 .debug_macro   0x00000000000127fd       0xf8 ./Core/Src/dma.o
 .debug_macro   0x00000000000128f5       0xa5 ./Core/Src/dma.o
 .debug_macro   0x000000000001299a      0x15f ./Core/Src/dma.o
 .debug_macro   0x0000000000012af9      0x287 ./Core/Src/dma.o
 .debug_macro   0x0000000000012d80       0x5f ./Core/Src/dma.o
 .debug_macro   0x0000000000012ddf      0x236 ./Core/Src/dma.o
 .debug_macro   0x0000000000013015      0x132 ./Core/Src/dma.o
 .debug_macro   0x0000000000013147      0x23a ./Core/Src/dma.o
 .debug_macro   0x0000000000013381       0x2e ./Core/Src/dma.o
 .debug_macro   0x00000000000133af      0x11a ./Core/Src/dma.o
 .debug_macro   0x00000000000134c9       0x85 ./Core/Src/dma.o
 .debug_macro   0x000000000001354e       0x89 ./Core/Src/dma.o
 .debug_macro   0x00000000000135d7      0x225 ./Core/Src/dma.o
 .debug_macro   0x00000000000137fc      0x295 ./Core/Src/dma.o
 .debug_macro   0x0000000000013a91      0x126 ./Core/Src/dma.o
 .debug_macro   0x0000000000013bb7       0x52 ./Core/Src/dma.o
 .debug_macro   0x0000000000013c09       0x18 ./Core/Src/dma.o
 .debug_macro   0x0000000000013c21       0x3c ./Core/Src/dma.o
 .debug_macro   0x0000000000013c5d       0x34 ./Core/Src/dma.o
 .debug_macro   0x0000000000013c91       0x16 ./Core/Src/dma.o
 .debug_macro   0x0000000000013ca7       0x35 ./Core/Src/dma.o
 .debug_macro   0x0000000000013cdc      0x333 ./Core/Src/dma.o
 .debug_macro   0x000000000001400f       0x10 ./Core/Src/dma.o
 .debug_macro   0x000000000001401f       0x16 ./Core/Src/dma.o
 .debug_macro   0x0000000000014035       0x43 ./Core/Src/dma.o
 .debug_macro   0x0000000000014078       0x34 ./Core/Src/dma.o
 .debug_macro   0x00000000000140ac       0x10 ./Core/Src/dma.o
 .debug_macro   0x00000000000140bc       0x58 ./Core/Src/dma.o
 .debug_macro   0x0000000000014114       0x71 ./Core/Src/dma.o
 .debug_macro   0x0000000000014185       0x1c ./Core/Src/dma.o
 .debug_macro   0x00000000000141a1      0x12a ./Core/Src/dma.o
 .debug_macro   0x00000000000142cb       0x10 ./Core/Src/dma.o
 .debug_macro   0x00000000000142db       0x1c ./Core/Src/dma.o
 .debug_macro   0x00000000000142f7       0x52 ./Core/Src/dma.o
 .debug_macro   0x0000000000014349       0x22 ./Core/Src/dma.o
 .debug_macro   0x000000000001436b       0x10 ./Core/Src/dma.o
 .debug_macro   0x000000000001437b       0x40 ./Core/Src/dma.o
 .debug_macro   0x00000000000143bb       0xd5 ./Core/Src/dma.o
 .debug_macro   0x0000000000014490       0x1c ./Core/Src/dma.o
 .debug_macro   0x00000000000144ac       0x3d ./Core/Src/dma.o
 .debug_macro   0x00000000000144e9       0x16 ./Core/Src/dma.o
 .debug_macro   0x00000000000144ff      0x145 ./Core/Src/dma.o